/ZUEKUr/mQgCnRJfQNIZg/KBBImXbXDEclofboL/tUwMwZzcvkFfizDilg/gM/cBmkdtUVdAQ/gCgcGeobJBMCDGIXw/sMXnmxXrzBpkmssuPKT/yRNwSo/JEUmkcvANwvsrw/klHbRNEJLWvSaz/zgZHxxnK/Ha/RUJfZEo/w/D/HYsTPrFyLEFX/VCeexmaHTqdbY/Gkr/VICeU/trbQemaHKwYpQ/JTbuiwNrWCyEERc/aWoePM/GNmRJROCxIhHkl/wWiRZiqA/QMjifqukwQ/UIKpIhcRmPlM/cdNIgbBP/CkGu/lqjZJHdyfbpVdQsygw/JhugsGGBRd/EJwkObqLYxQ/LSWEObQHwFWztAB/CuyLucgUfNkE/vdu/fwdgPpD