Can I help you find something?
Don't expose photos to the sun.
Even though the student appeared to be focused, he was actually absentmindedly gazing at the ceiling.
Hey man, I beg you - spray some insecticide behind the fridge.
How dare you call me a criminal?
I think you know what I'm interested in.
I'll spend a very fun, stressful and exhausting Saturday evening!
She is rich, to be sure, but I don't think she's very smart.
That would've been the right thing to do.
This book comes in two volumes.
Tom is partly right.
Tom is trying to trace his birth mother.
Tom smelled it.
We're reasonable people.
Would you get that, please?
