33
33
33
Ad
Aenean
Aliquam
Aliquam
Aut
Class
Cras
Cras
Curabitur
Donec
Donec
Donec
Duis
Duis
Duis
Duis
Duis
Eaque
Eos
Et
Etiam
Fusce
Fusce
In
Lorem
Lorem
Maecenas
Mauris
Morbi
Nam
Nam
Non
Nulla
Nullam
Nunc
Orci
Pellentesque
Pellentesque
Pellentesque
Pellentesque
Pellentesque
Pellentesque
Phasellus
Phasellus
Phasellus
Phasellus
Praesent
Praesent
Praesent
Proin
Proin
Quisque
Sed
Sed
Sed
Sed
Sed
Sed
Sed
Sed
Ut
Ut
Ut
Vestibulum
Vestibulum
Vivamus
Vivamus
Vivamus
a
a
a
a
a,
ac
ac
ac
ac
ac
ac
ac
ac,
accumsan
accumsan
accumsan,
accusamus
accusamus
ad
adipisci
adipiscing
aliquet
aliquet
aliquet,
aliquid
amet
amet
amet
amet
amet
amet
amet,
amet.
amet.
ante
ante
ante.
ante.
ante.
aptent
arcu
arcu
arcu
arcu.
arcu.
at
at
at
at
at,
at,
at.
auctor
augue
augue
augue,
augue.
aut
aut
aut
aut
aut
autem
beatae
beatae
bibendum
blandit
blandit.
commodi
commodo
commodo
commodo
condimentum
condimentum
condimentum,
condimentum.
congue
consectetur
consectetur
consectetur
consequat
conubia
convallis
convallis
convallis
convallis
cum
cumque
cursus
dapibus
dapibus
debitis
delectus
deserunt
diam,
dictum
dictum
dignissim,
dis
dolor
dolor
dolor
dolor
dolor.
dolore
dolorem
ducimus
dui
dui
dui
dui
dui,
dui.
ea
ea
earum.
efficitur
efficitur
egestas
egestas
egestas.
eget
eget
eget
eget
eget,
eius
eleifend
eleifend
elementum
elementum,
eligendi
eligendi
elit
elit
elit.
enim
enim
enim
enim
enim
eros
eros
eros
eros
eros,
eros,
eros.
eros.
eros.
est
est
est.
et
et
et
et
et
et
et
et
et
et
et
et
et
eu
eu
eu
eu
eu
eu,
eu,
eu,
euismod
euismod
euismod
euismod,
euismod.
euismod.
ex
ex.
exercitationem
facilisis
facilisis
fames
faucibus
faucibus
felis
fermentum
fermentum
fermentum
fermentum
fermentum.
finibus
finibus
finibus
finibus
finibus,
fringilla
fringilla
fringilla,
fringilla.
galisum
habitant
hendrerit
hendrerit,
himenaeos.
iaculis
id
id
id
id
id
id
id
id
id
id
id,
illo
illum
illum.
impedit
imperdiet
imperdiet
imperdiet,
in
in
in
in
in,
inceptos
interdum
interdum
interdum
ipsam
ipsam.
ipsum
ipsum
ipsum
ipsum
ipsum
ipsum
ipsum,
ipsum.
iusto
justo
justo
justo
justo.
justo.
labore
labore.
lacus
lacus
lacus
laoreet
laudantium
laudantium
lectus
lectus
lectus
lectus,
lectus.
leo
leo
leo
leo.
leo.
libero
ligula
ligula
ligula
ligula.
litora
lobortis
lobortis
lobortis
lobortis,
lobortis,
lobortis,
lorem
lorem
luctus
magna
magna,
magnam
magnis
malesuada
malesuada
massa
massa
massa
massa,
massa.
mattis
mattis
mattis
mattis.
mauris
mauris
mauris.
mauris.
maximus
metus
metus
metus,
mi
mi
mi,
mi.
minima
minima
molestias
molestie.
molestie.
mollis.
montes,
morbi
mus.
nam
nascetur
natoque
natus
nec
nec
nec
nec
nec.
necessitatibus
neque
neque
neque.
netus
nibh
nibh
nibh
nibh,
nibh,
nihil
nisi
nisi
nisi
nisi
nisl
nisl.
nisl.
nobis
non
non
non
non
non
non
non
non
non,
nostra,
nulla
nulla
nulla
nulla,
nunc
nunc,
nunc.
obcaecati
odio
odio
odio
odio.
odio.
officia
officiis
officiis
omnis
omnis
optio
optio
orci
ornare
ornare
parturient
pellentesque
pellentesque,
pellentesque,
penatibus
per
per
perferendis
perferendis
pharetra
pharetra
placeat
placerat
placerat
placerat
placerat,
placerat.
porta
porttitor
porttitor
posuere
posuere
posuere
posuere
pretium,
pretium,
pretium.
pulvinar
pulvinar
purus
purus
purus
quae
quam
quam
quam
quam,
quas
qui
qui
qui
qui
qui
quis
quis
quis
quis
quis
quis
quis
quis
quis,
quisquam
quisquam
quos
quos.
rem
rem
rem
reprehenderit
repudiandae
rerum
rerum
rerum.
rhoncus
rhoncus
rhoncus
rhoncus
rhoncus.
ridiculus
risus
risus.
risus.
rutrum
rutrum
rutrum
rutrum
rutrum
rutrum,
sagittis
sagittis
sagittis.
sapien
scelerisque
scelerisque
sed
sed
sed
sed
sed
sed
sed
sem
sem
sem,
semper
senectus
sequi
similique
sint
sit
sit
sit
sit
sit
sit
sit
sit
sit
sit
sit
sociosqu
sodales
soluta
suscipit
suscipit
suscipit
suscipit.
taciti
tellus
tellus
tellus
tellus
tempor
tempora
temporibus
tincidunt
tincidunt,
tincidunt,
tincidunt.
torquent
tortor
tortor
tortor
tortor
tortor,
tortor.
totam
tristique
tristique.
turpis
turpis
ullam
ullam
ullamcorper
ullamcorper
ullamcorper.
ultricies
ultricies
urna
urna.
ut
ut
ut
ut
ut
ut
ut
ut
ut
ut
ut,
ut,
varius
varius
varius
vehicula
vehicula.
vel
vel
vel
vel
vel
velit
velit,
velit,
venenatis
vestibulum
vestibulum
vestibulum
vestibulum.
vitae
vitae
vitae
vitae
vitae
voluptas
voluptas
voluptatem
voluptatem
voluptates.
volutpat
volutpat
volutpat
vulputate
vulputate
vulputate
