D
DZ
QD
DEZ
HD
QDZJ
DI
DEZK
QDE
HDZA
DR
QDYEZJ
DN
DIZH
QHDL
DEZMK
DC
QDJZJE
DP
HDEZMA
QDIX
DRZC
DM
QDYEZJKV
HDJ
DZNR
QDOE
DEIZEH
DE
QHDZLJCA
DC
DEZMGK
QDRI
DZSC
HDBI
JQDYJEZJE
DY
DZVP
QDMN
HDEZYMAK
DF
QDIZZJHX
DA
YDERZC
QHDLTE
DMZH
DI
QDYEZMJKKV
DIX
HDZZJA
QDCI
DEZNIR
DW
QDOJZJEC
HDRI
DEIZEAHK
QDUP
DEZY
DP
QHDYEZLJCMVA
DY
DCZD
QDILXE
DEZMPGK
HDNP
QDRZCIJH
DW
DEEZSC
QDMZ
WHDBIZHA
DT
JQDFYJEZJEKV
DO
DZYV
QHDLJY
DEZVPA
DFRI
QDMVZNJR
DG
HDEZMSYMAK
QDMOE
DZCF
DB
QDYEIZZJBEHX
HDYC
DAIZ
QDEM
YDERZCLK
DD
QHDJZLJTMCEA
DINC
DSMEZH
QDCT
DZUI
HDPI
QIDYEZMJGKKV
DE
DIZXHF
QDRFIE
HDZEZJQMA
DR
QDVZJSCI
DO
DEZNIRKK
QHDBILOX
DZWO
DY
JQDOYJEZJVEC
DD
HDRHZCIA
QDNY
DEIZMEOAHK
DV
QDZJUVPB
AHDM
DEEZYS
QDMFNE
DIZP
DICP
QHDYEZLJCYMVAKVC
DRR
DZYW
QDTF
DICEZD
HDJF
QDJIZZJLFHXE
DO
DEZMPGJK
QDAR
THDZNPRA
DD
QYDYERZCIJDH
DUIP
DZNW
QHDOLZTE
DEEZPSCK
DZ
QDMZZJCH
DB
WHDEBIZEMVHA
QDHI
DZTB
DTRN
JQDFYJEZMJKEHKV
HDEC
DOZL
QDIXOX
DEUZYV
DC
QHDZZLJJCWYA
XD
DEZVFPKA
QDJCIE
DFRIZGCH
HDZC
QDMYCEVZNJIR
DG
DZHG
QDWO
HDEZMGSYMZAK
DMIU
QMDMOJZJEC
HD
DEZCDF
QHDRLIZI
DBZB
DO
QDYEIZZJBEAHXZKV
DNX
HDYZOSCA
QDYUEP
DAEIZJ
MD
QDEEZJYM
HDBWIJ
YDERZMCLSK
QDVP
DZZD
DE
JQHDYJEZLJTMCMVEEA
DP
DIZNCQHR
QDYF
DSMEZHQK
HDYY
QDCZJATD
DVRC
DEZUIU
QDOIULXE
HDRZVAPI
DY
QIDYEZMPJCGKKV
DS
DEZB
QHDMQNLP
DEIZOEXHF
DK
QDJRFZCIJBEH
DA
HDKZEZJQYMAK
QDWF
DRZC
DIEP
QDVYEEZYJSCI
HDTF
DZJO
QDMZNE
DEBZNMIRKK
DIRP
WQHDBIZZLJXCOHXA
DZ
DEZWOS
QDLT
DYZD
HDAC
JQDFOYJEZJVYEKCV
DJCI
DZDQ
QDOL
HYDERHZCMIXA
DTNC
QDZJNQYV
DC
DEIZMGEOAHNK
QHDLJTIYE
DZVR
DX
QDYEZJUVPEBA
DF
AHDMZHLA
QDFRIIXS
DEEZYSVK
DT
QDMJVFZNJERZ
HDIJ
DIEZPI
QDGM
DIZJSCHP
VD
QHDYEZLMJCSYMFVKAKVC
DT
EDRZCR
QDMOEW
DEZYWC
HDBILX
QDZCJJTF
DLNP
DICEZGKD
QDBU
HDZZJFAL
DU
JQDYJEIZZJNBELFHXE
RDMR
DCZO
QHDPYLCI
DEZMPGYJK
DU
QDFAIZJR
DIIY
THDEZNMPISRA
QDEEME
DYZD
DY
QYDYERZCIOJLDKVH
HDZW
DUIZVHOP
QDUD
DEZNBW
DK
QHDOJZLZJCTMCEAC
DZ
DEEZMPSCFK
QDMINCIX
DZZK
HDDRJI
QDSYMEZZJCHX
DF
DBZP
QDCTJE
WHDEBIZYEMAVHAKF
DO
QDZJUHID
DJ
DEZTBN
QHDLURPI
DTRZNCRJ
DICF
JQIDFYJEZMJGKEHKVH
DUC
HDEZYVCA
QDEM
DOEZLW
DQ
QDIZZJHXOHXF
HDFP
DEUZLYVK
QDOSRFIE
DZEC
DMIN
QHDYZEZLLJJQCMWVYA
DAIS
XDZX
QDRK
DEZMVHFPKA
HDYN
QDVJZJHJSCIE
DT
YDFERIZGCEIH
QDNO
HDEZCZAD
DE
QDDMYCEVZNJIRKKV
DH
DZGD
QHDBIKLTLOXE
DEZHNG
DK
QDWZJWOO
DURE
HDOEZMPGSYMZAK
QDYO
DMIZBHHU
DACP
JQMDMOYJEZJVEYC
HDNJPA
HDZI
QDDR
DEZCKDFK
DMII
QHDVRHZLCIJCZIAH
DG
DBEZSB
QDHNYE
DZOG
HDWB
QDYEIZZMJBEOAHBXKZKV
DX
DZNXSR
QDVV
HDEEYZOMSCKA
DCRN
QDJZYZJUVEPB
DJIX
DAEIZJJK
AQHDMYLZ
MDZI
DD
QDEYEEZJYSMK
DA
WHDZBWIZJTHA
QDMPOFNE
YDTERZMCGLSK
GD
QDIZJVAP
HDLT
DEZZLD
QDICXPIA
DZEH
DA
JQHDFYJEZLJTPMCYMVEEAKVC
DAP
LDZP
EQDRIR
DEIZNCJEQIHR
HDOL
QDGZYJWF
DC
DSMEHZMHQK
QDAETF
HDYZJYVA
DIPW
QDYICEZJATAD
DS
DVRZNCSC
QHDCLJFY
DEZMUIUK
DENC
QDOJIZZUJLFHXEUC
DI
HDREZMVAPIFA
QDOB
DZNY
DP
QIDYEZMPJCGNJKKV
HDFJBRII
DFSZ
QDARER
DEEZBY
DO
TQHVDMVQZNLJCPRA
DMCO
ZDEIZOEAXHKF
QDVD
DZBK
HDUG
JQYDWYJERFZCIJDBEH
DS
DZAW
QDJUIUXP
HDKZEZMJQHSYMAK
DQ
XQDZJNWF
DBCN
DREVZC
QHDMOLZTYE
DIEZBYHP
DRYP
QDVYEEZYNJPSCIKV
DD
HDZCTFAG
QDIZ
DEZJKO
DIRP
QDMJZZJICHNE
HDBO
DEBZNMGIRKKS
QDZB
DIRZCVDP
DC
WQHDWYEBIZZLJXCBEMOVVHXA
DH
DZYZ
QDLHIE
BDEZWOSK
HDYJDC
QDZLTJRB
DIYI
DYEZGD
QDMTRNEI
HDACIZDA
DQ
JQGDFOYJEZMJVYKEHKCV
DI
DJCIZHAD
QHDMELCM
DEZTDQ
DMRP
QDOZLBJL
DW
HYDERHZCYMILEXAK
QDILXOQXE
DTZNSCRR
DR
QPDYEUZJNQYV
HDVD
DCZE
QDCH
DEIZMPGEOWAHNK
DB
QHDZJZFLJJTMCIWYEA
DRFD
DEZVWR
XQDC
DZUX
HDIBINCP
QDYEZJUVFZPKEBVA
DP
DZFO
QDOIJCIE
AHDSMEZHMMLA
DA
QDFRIZZGCIJYHXSH
DC
QDEEZMYSVK
QHDZCLTH
DGZT
DM
JQDMYCJEVFZNJIERZF
DIWJ
HDZAUIJA
QDJG
DINEZPIK
DARS
QDOZJHGM
HDJOPI
DEEIZJESCHPT
QDMWOE
VDZO
DQ
QHIDYEZLMJGCSYMFVZKWAKVC
DNYD
DZTW
QDMIOZUX
EYDERZCXR
HDEO
QMDMOJZJVEWC
DX
DEZYIWKC
HQDY
WHDBILZXHHAF
DT
QDCYEZCJJDTF
DECL
DLZNVRPU
QHDRFOLITZIE
DICEZMGFKD
DITM
QDBZJGUB
DZ
HDZEZGJQMFAL
QDOG
DZDU
DY
JQDVFYJEIZZJNBELAFHXEZKV
HDRA
RDMRZCHD
QDMNNX
DCEZSO
DW
QHDVPYZOLJCSCYIA
DHOI
DEZMPGYMJK
QDZOYUEP
DZUS
HDXO
QDFAYEIZJJJR
DRNI
EDIZIYHV
QMDJ
THDEZNYMPWISRKAK
DA
QDEJEKEZJYME
WD
DYEZFD
QHDHBWILJOXY
DZZY
DCSC
QYDYERZMCIOJLDKSKVSH
DMC
HDZZWOAR
KQDVEP
DEUIZJEVHOPA
DNFH
QDZJUHZD
HDYW
DEZNBQWK
QDEO
DZKT
DFRIXK
JQHDOYJEZLZJCTHMCMVVEEAC
DC
DZZV
QDPS
DPEEZMGPSCFK
HDDA
QDMVAIZZNCJQIHXR
DA
DEZEZK
QEDYEF
HDDFZRHZCJIA
DJEP
QDSYMEBZZJCHQXKV
DIGZ
DLFZ
QHDYLNVY
DEBZPD
DM
QDOJCZJATJED
DANK
WHDEBIZMSOYEMOAVHAKF
QDVZRICI
DRZO
DN
QDYEZJUHIIUD
HKDV
DZJA
QDMOIULXEW
DMEZTBKN
DI
QHDRZLJUCRVIAPIB
DY
YDETRZNCFIRJ
QDHY
DIZCCLHF
AHDMJX
JQIDFYJEZMPJCGKEZHKVH
DK
DYZUSC
QDSM
HDEEZYMSVCAS
YDBI
QDEZJBMU
DRNW
DROEZLWK
QHDMQFNLTUPE
DZQE
DD
QDYEIZZJHOBEXOKHXF
DCLP
HDIZFGPA
QDKQ
DEUZUMLYVK
DW
QDOSJRFZCIJJBECH
HDBIYCCP
DEZJEC
QDBA
DMIZNHRD
DO
QHDKYZEZLLJJQCYRMWVYAKVC
DV
DAIIZJHS
QDKWFE
XDEEZX
HDRIRK
QDRZJCSK
DA
DOEZMGVHFPKA
QDIERXPM
HDZYVWNA
DNJI
JQDVMYJEEZYJHJSCIE
DP
DAZT
QHDLTFTF
YDFERIZGCYEAILHK
DM
QDTZJJNO
DN
HDEZIECEZMAD
QDOMUZNE
DZRE
DIMD
QDDMYCEVBZNMJTIKRKKV
HDJFQ
DZHT
WQDIRIUP
DEZGDY
DQCY
WQHDJBIZZKLJXTMCLOFHXEWA
DG
DEZHNGBK
QDDZ
DPZK
HDBO
QDYWEZJWOZOS
DINCXN
DUREZCHY
QDLTDE
HDOEZMPGSYMJZWAK
DY
QDYWZJOD
DR
DSMEIGZBHEHU
QHDACLOR
DAZVSCEP
DC
JQMDMFOYJEQZJVYEYKCV
DRLP
THDZZNJPBARA
QDMJCITX
HDEZCI
DT
QDZJDTQR
HDFD
DPEZMCKDFK
QDZOLE
DMIZUXIH
DX
QHYDYVERAHZLCIJCMZVIXDAH
DW
