1
2
L
4
5
L
7
8
L
0
1
L
3
4
L
6
7
L
U
0
L
2
3
JL
5
6
L
8
9
L
1
2
L
4
5
L
7
U
L
0
1
L
3
4
L
6
7
JL
9
0
LY
2
3
L
5
B
LU
8
9
L
F
2
L
4
V
L
7
8
L
0
1
JL
3
4
L
U
7
L
9
0
L
2
3
L
5
6
L
8
9
L
1
2
L
4
U
JL
7
8
L
V
1
LY
3
4
L
6
7
L
9
0
L
B
3
LU
5
6
L
8
9
JL
1
F
L
4
5
L
7
8
L
V
1
L
SU
4
L
Q
7
L
9
0
L
2
3
JLL
5
K
L
8
C
L
1
U
KLY
4
5
L
7
8
L
0
1
L
3
X
L
6
7
JLB
9
0
LU
2
3
L
5
6
L
8
9
L
1
2
LF
4
R
L
7
8
XL
U
1
JEL
3
4
VL
6
7
L
9
V
L
2
3
LY
5
6
LZ
8
U
L
1
2
IL
4
5
JL
7
8
L
0
E
L
V
B
L
6
7
LU
9
0
L
A
3
L
5
6
L
8
9
JL
1
2
L
F
5
L
U
8
L
0
1
LS
3
4
LY
6
7
L
9
V
L
2
3
JL
5
SU
L
8
9
L
1
Q
L
4
5
L
7
8
L
B
1
L
3
4
LU
6
7
JLL
9
0
L
K
3
L
5
6
L
C
9
LV
1
2
L
U
F
KLY
7
T
L
0
1
JL
3
4
GL
6
7
L
9
0
EL
2
U
L
V
6
VL
X
9
L
1
2
L
4
5
JLB
7
8
L
0
1
LBU
3
4
L
6
7
L
9
0
L
2
O
L
5
6
LY
8
9
JL
U
2
L
4
5
LF
7
8
L
R
1
L
3
4
L
6
7
KXL
9
U
L
2
O
JEL
U
6
L
8
S
VL
1
DB
L
4
5
L
7
8
SLU
V
1
L
3
4
L
6
7
JQLY
9
0
L
2
3
LZ
I
6
L
U
9
L
1
2
L
4
5
IL
F
8
L
0
K
JLL
3
4
L
6
U
KL
9
0
L
E
3
L
5
V
CL
B
9
LY
1
G
EL
4
V
JLU
7
8
KLY
0
1
L
3
A
L
6
7
L
9
0
L
2
3
L
U
6
L
8
9
JL
1
2
L
4
5
L
7
F
L
0
1
XL
3
U
L
6
7
L
9
DV
L
2
3
JLBS
5
6
L
8
9
LY
1
2
LU
4
5
L
7
8
L
V
1
KL
3
4
L
6
7
JL
9
0
L
SU
3
L
5
6
L
8
9
L
Y
2
L
Q
5
L
7
8
LF
0
U
JL
3
4
LSR
H
7
L
9
B
LY
2
3
L
X
6
XL
8
9
LU
A
2
L
4
H
JLEL
7
8
L
0
1
LZ
3
K
VL
6
7
L
U
0
L
2
3
L
5
C
L
R
9
JLV
1
2
L
4
5
L
7
U
L
F
1
KLY
3
C
RL
TB
7
L
9
0
GLZ
2
3
JL
5
6
LU
8
9
GL
1
2
L
O
5
L
7
8
IZL
0
1
EL
3
4
L
U
7
JL
9
V
L
2
3
VL
5
X
L
J
9
L
1
2
ELY
4
SU
L
7
8
VL
D
NF
JLB
3
4
L
6
7
L
9
Q
L
2
3
LBU
5
6
L
8
9
L
1
2
L
4
5
JAL
7
8
L
V
1
L
U
4
L
O
7
L
9
0
L
2
3
LY
V
6
L
8
9
JLL
1
U
L
4
5
L
7
B
L
K
1
LF
3
4
L
6
7
L
Q
R
LU
2
3
JL
C
T
L
8
9
L
1
2
L
4
5
KXLS
7
8
L
GU
1
L
3
4
KLYN
O
7
JEL
9
U
L
2
3
LZ
5
6
L
S
U
VL
1
K
L
DB
5
L
7
8
L
0
1
JL
F
4
L
6
7
SLU
9
V
L
2
3
LL
5
6
L
8
9
L
1
2
L
4
5
JQLY
U
8
L
X
Y
L
3
4
JL
6
7
LZ
9
I
L
2
3
L
5
U
LF
8
9
JLB
1
2
L
4
V
L
7
8
L
0
K
IL
3
F
LU
6
7
L
9
0
L
K
T
JLL
5
6
LY
O
9
L
1
2
L
U
5
KL
7
8
L
0
1
L
3
FE
L
6
F
JL
9
0
L
V
U
CL
Z
B
L
8
9
LVY
1
2
L
G
5
EL
7
8
L
V
1
JLU
3
4
LF
6
7
KLY
9
0
L
2
3
TL
R
6
L
A
9
L
SU
2
L
4
5
JLD
7
8
L
0
1
L
3
4
XNGL
6
7
LB
9
U
L
QB
3
L
5
6
NL
U
9
JEL
1
2
ELB
4
5
L
7
8
LYU
0
1
L
3
T
VL
F
7
L
9
0
VL
2
3
JXL
5
6
L
U
9
L
1
2
L
4
5
L
F
8
L
DV
1
L
3
4
L
6
U
JLLBS
9
0
L
2
R
LR
D
6
L
8
9
LY
1
K
L
J
5
LBU
7
8
L
0
1
JL
3
4
LZ
6
F
JL
N
V
L
Q
C
KL
U
6
L
8
9
L
1
2
L
4
5
JL
7
8
OL
0
1
L
3
SBU
IL
6
7
L
9
0
KHLY
2
3
L
5
6
L
8
9
JL
1
Y
FLU
Y
5
LZ
7
Q
L
0
1
LP
3
4
L
6
7
LF
9
V
L
U
3
JL
VE
6
L
8
9
LSR
1
H
L
X
V
L
7
8
L
B
U
LY
3
4
L
6
Z
JL
9
X
L
2
3
KXL
5
6
L
8
9
LU
1
A
L
4
5
L
7
X
LO
RH
1
JLEL
3
4
UL
6
X
L
FU
A
L
2
3
LZ
5
6
LS
K
9
VL
1
2
LMY
4
5
JLDB
7
U
L
0
1
L
3
4
L
6
7
L
9
Z
L
CS
3
L
5
R
SLU
8
9
JLV
1
2
L
4
5
L
7
W
L
0
1
L
R
4
AL
U
7
L
9
F
L
2
3
JKQLY
5
6
L
C
9
RL
1
TB
L
U
VU
ML
7
8
QL
0
1
GLZ
3
4
MLI
6
7
JL
9
0
L
2
3
LU
B
6
KL
8
9
GLS
1
2
L
4
5
LL
7
O
L
0
1
JL
U
4
LY
6
7
IZL
9
0
LF
X
V
EL
5
6
PL
B
9
L
1
U
KL
4
R
JLL
7
D
NL
VV
1
L
3
4
L
6
7
VL
9
0
ILU
X
3
KL
5
J
L
8
9
JL
1
O
XL
4
5
XELY
N
8
L
SU
1
L
3
4
L
6
7
VGL
9
D
CL
NF
3
JEMLB
5
6
L
8
U
LY
1
2
L
4
5
GL
7
8
EL
Q
1
L
3
4
VL
K
7
JLBU
9
0
L
2
K
L
H
6
KLY
8
H
L
1
2
L
4
5
L
U
8
L
0
1
JAL
3
4
L
6
7
L
9
VB
L
2
BF
L
5
U
L
8
9
L
1
O
L
4
H
JBL
C
8
L
0
1
L
3
4
LU
6
7
LY
9
V
L
2
3
L
5
6
L
D
9
JLL
1
2
GL
U
5
L
7
8
LZ
0
1
L
3
4
L
B
7
L
9
K
TL
2
SU
JLF
5
6
L
8
9
L
1
2
L
4
5
XL
7
Q
VLY
R
1
LU
3
4
L
6
7
JL
9
C
IL
T
3
L
V
Q
L
8
9
LDV
U
2
L
4
5
L
7
8
L
0
1
JKXLBS
3
4
L
6
7
L
9
GU
L
2
3
L
F
6
OL
8
J
KLYN
1
O
L
4
5
JEL
7
8
LU
TU
1
L
3
B
L
6
E
LZ
9
0
L
2
3
L
5
S
L
U
9
JVLH
V
2
ML
K
5
KL
7
DB
L
Z
1
L
3
4
GL
Y
U
L
9
0
LY
2
U
JLL
5
F
L
8
9
L
1
2
L
4
5
SLU
7
8
L
V
1
L
3
4
EL
K
7
JLL
9
0
L
2
3
L
QU
6
WL
8
9
L
1
2
YL
EAB
V
SL
7
8
L
0
1
JQLY
3
U
VL
6
A
L
CM
X
L
JY
3
L
5
6
LF
8
9
JL
1
2
LU
4
5
JLZ
7
8
L
I
1
L
3
4
LSR
6
7
LH
9
0
L
OU
3
OLF
5
6
L
D
9
JLB
P
2
KLY
4
5
LL
7
8
UL
V
U
L
I
4
XL
6
7
L
9
V
XL
KS
3
JIL
5
6
L
F
9
LBU
1
2
ALN
4
5
L
Z
8
L
0
1
LI
3
MK
LH
OT
7
JLEL
SMU
0
L
2
Y
LY
5
OB
L
8
9
L
1
2
L
4
5
LZ
7
U
L
0
1
JKL
3
4
VL
6
7
L
9
0
L
2
3
LS
O
F
ALU
QFE
F
L
1
2
L
F
5
JL
7
8
L
A
1
L
3
VW
LY
U
7
CL
S
Z
L
B
3
LR
5
6
L
G
9
JLVY
1
2
L
X
U
L
7
G
L
0
1
EL
3
4
L
6
7
L
9
V
L
2
3
JLU
5
6
L
8
9
LF
1
2
L
4
I
KLY
V
8
L
0
1
LC
U
4
RL
6
7
JTLB
9
R
L
2
O
L
5
A
L
8
9
L
1
SU
GLZ
E
5
L
7
8
L
0
1
JLLD
3
Y
L
6
7
L
9
0
LU
2
3
L
V
6
LY
8
9
KXNGL
F
2
L
4
5
JLB
7
K
L
VU
1
LO
D
DQB
L
6
C
L
9
0
L
2
3
NL
O
U
IZL
8
U
JEL
1
2
L
4
U
ELB
7
8
L
0
1
L
3
4
L
6
C
LYU
9
0
L
2
3
JL
S
6
L
T
9
VDL
1
F
L
4
5
L
U
8
L
DB
1
VFL
E
4
L
6
7
JXL
9
0
L
2
3
XJL
5
U
L
8
9
LL
1
2
L
4
5
L
7
8
KELY
E
1
JLX
3
F
SLU
6
7
L
9
DV
L
2
3
L
5
6
VL
8
9
DL
1
2
NMLF
XU
V
JLLBS
7
8
L
0
1
L
3
4
L
R
7
LR
9
D
LU
2
U
L
SR
6
L
8
9
JQLY
1
2
PL
K
5
L
7
J
L
0
1
LBU
3
Q
L
6
7
L
9
0
L
2
3
JL
5
6
L
8
9
LZ
U
HB
LP
RF
I
JSL
7
N
XL
V
1
L
3
Q
L
C
7
JAKL
O
U
LY
2
3
L
5
6
L
8
9
LV
1
2
L
4
E
L
A
8
LU
0
1
JEL
3
4
L
6
L
OL
9
0
L
2
3
L
5
6
LV
SBU
9
IL
1
X
L
4
F
JL
7
8
L
0
D
KHLY
3
U
VL
6
U
L
9
0
L
2
3
L
K
T
L
8
9
JLL
A
2
L
Y
5
FLU
7
Y
L
0
1
LZ
3
4
L
QN
7
L
9
0
L
2
3
JLPB
U
G
L
T
9
KLH
1
2
LY
4
5
DLF
7
8
L
V
1
L
3
U
GL
6
7
JL
9
VE
L
2
3
OL
5
6
QQL
8
9
LSR
1
2
LU
H
5
L
7
X
L
V
1
JL
3
4
CL
6
7
TL
T
B
L
U
3
LFY
P
6
EL
8
9
LY
1
2
L
MZ
5
JL
F
P
L
XG
SU
L
Y
4
EL
6
7
KXLS
U
0
L
2
3
L
V
6
LZ
8
G
JGLU
1
2
L
A
5
SL
7
D
VL
0
1
NL
3
4
KLYN
XB
7
LO
U
RVH
L
2
3
JLEL
5
6
L
8
9
UL
1
Q
L
X
5
L
7
FU
KL
A
1
LZ
3
4
L
6
7
JLZ
9
0
L
2
3
LS
5
K
LXU
8
9
VL
1
Q
IL
4
5
KLMY
7
8
L
0
1
JLDB
3
4
L
U
7
L
A
0
TL
2
3
L
5
6
L
8
9
L
1
2
L
4
U
JL
7
8
LFV
Z
H
L
3
CS
L
6
7
L
9
0
L
R
3
SLBU
5
6
LY
8
9
JOLV
1
2
LA
4
VR
L
7
B
L
0
1
LL
U
4
L
W
7
L
9
0
L
2
W
JL
5
R
L
B
9
AL
E
U
L
V
5
L
7
8
L
F
1
L
E
4
L
6
D
JKLQLY
9
0
LU
2
V
L
Q
NC
XL
8
9
XRNL
1
2
YL
TB
5
L
7
U
L
VU
O
JML
3
4
JL
6
7
UQL
9
0
AL
K
3
GLZ
5
6
L
8
U
MLI
O
2
L
4
5
JEL
7
8
LY
DV
F
L
3
M
L
6
7
PLU
9
B
LF
2
3
PKL
5
A
L
8
9
JGLBS
1
2
L
4
H
L
SU
8
L
0
X
LL
C
4
VL
O
7
L
9
0
L
2
3
JL
5
U
L
8
9
LY
1
A
KLZ
4
5
IZL
7
8
L
E
1
LF
3
X
LU
VV
7
JEYL
9
0
L
2
3
PL
5
B
L
8
9
L
1
2
YL
QU
5
KL
7
8
TL
R
1
JLL
I
4
L
D
7
NL
9
VV
KLY
2
U
OQL
5
6
L
8
9
KBL
1
2
L
4
5
JVL
7
8
L
0
1
ILU
F
X
L
6
7
KL
9
0
L
JB
3
L
5
6
L
8
9
JL
U
2
L
O
5
KXL
A
8
L
0
1
XFELY
3
N
L
6
7
L
9
SU
LF
2
3
JL
V
6
L
8
9
L
1
2
L
4
5
VGL
G
X
LU
D
O
CL
3
NF
LZ
6
7
JEMLB
V
D
LZ
2
3
L
U
6
LH
U
H
LVY
1
2
LY
4
Y
NL
7
8
L
0
Z
JGL
3
4
L
6
U
EL
9
Q
L
2
S
L
5
6
L
M
9
VL
1
K
L
4
5
JLLBU
7
8
L
0
1
L
3
DB
LF
K
7
L
9
H
L
2
3
KLY
U
6
L
H
9
JL
1
2
L
4
5
L
7
8
IL
0
1
TLS
3
KU
LSR
M
7
LN
9
H
EL
2
Z
JAL
5
6
L
X
9
L
J
2
SLU
4
V
L
7
8
L
VB
1
L
3
4
LY
BF
7
JLD
9
0
L
HU
3
L
5
6
L
M
9
L
1
2
L
OV
X
L
7
8
L
H
CU
JBL
3
C
XNGL
6
7
L
9
0
WL
2
3
LB
5
6
L
8
9
LU
1
2
L
4
A
JQLBY
7
8
L
V
Z
L
3
Y
L
6
F
L
U
A
NL
2
E
UL
H
D
IL
8
9
JLEL
1
2
L
4
5
GL
7
ZU
ELB
V
H
L
E
O
L
6
7
LZ
V
V
L
2
3
JL
I
6
KLYU
8
9
LZ
1
B
L
Q
5
XL
7
T
L
K
1
TLT
3
4
VL
SU
7
JLF
9
0
L
2
3
L
5
D
L
8
9
L
1
2
VL
4
U
LL
7
8
L
0
1
JYXL
3
4
L
QW
7
VLY
9
R
L
2
P
LCU
B
I
L
B
9
L
1
2
L
4
H
JL
7
8
L
C
1
IL
U
T
L
6
7
L
F
VR
LF
Q
3
L
5
S
L
8
9
JLDV
1
U
L
4
A
PL
7
8
ELY
0
1
L
3
4
EL
A
K
LO
9
0
LU
2
3
JKXLLBS
5
6
L
8
9
L
1
2
L
P
5
L
7
8
RL
GU
1
LR
3
4
LD
6
7
JL
9
F
L
2
N
OL
V
6
L
JM
SU
KLYN
U
2
L
O
5
KL
7
8
L
C
1
JEJL
3
G
RL
6
7
LBU
9
TUB
L
2
3
L
5
6
L
B
9
L
1
2
L
E
T
JLZ
XU
A
L
V
1
L
Q
4
GLZ
6
7
L
9
0
LYF
S
3
JL
5
XU
NL
8
9
JVLH
1
V
FL
4
5
MLQ
7
QK
CL
0
C
KL
3
J
LU
DTB
S
L
9
Z
L
2
3
JL
R
6
L
8
9
GLY
1
Y
L
U
5
L
7
8
L
0
1
FLY
3
TG
LD
U
7
JLL
9
O
EL
F
U
L
5
6
OL
8
Y
ML
1
2
L
4
V
L
7
8
L
0
1
JSHLBU
3
4
IZL
6
7
L
9
V
L
2
3
L
5
6
UL
8
9
EL
U
K
KXHLY
4
5
JLL
7
8
L
V
1
L
3
4
L
A
7
L
9
QU
L
2
F
WL
5
6
L
H
9
JL
1
2
L
4
5
YL
R
EPAB
FLU
V
1
SYL
3
4
L
6
7
VLZ
W
0
XL
2
3
JEQLY
5
6
L
U
9
VL
1
2
L
A
5
LPS
7
CM
L
X
1
L
3
JY
L
D
U
JL
9
J
L
2
3
LF
5
6
L
8
9
JLV
1
2
L
B
5
LU
7
8
L
0
1
JLLZ
3
4
VELY
6
7
L
9
I
L
Z
3
L
SU
6
L
8
9
LSR
1
2
L
4
W
JLH
7
8
L
0
1
LX
3
OU
VL
6
7
OLF
9
D
L
2
3
L
NDF
D
L
KV
9
JLB
1
P
LU
4
5
KLY
7
8
L
0
1
LL
3
4
L
6
7
UL
9
VI
LZ
U
3
JL
5
I
L
T
9
XL
1
2
L
4
5
L
7
E
L
QV
U
KXL
3
KS
L
X
7
JITL
9
0
L
B
3
L
5
BF
LY
8
9
LBU
1
2
L
4
X
ALNG
C
8
L
Y
1
JL
3
Z
L
6
7
L
U
0
L
X
3
XLI
V
6
LO
MVK
9
LRH
1
OT
L
4
5
JLEL
7
SMU
L
0
1
L
3
4
GUL
Y
7
LY
9
0
XL
OB
D
L
5
6
LFU
8
9
JAL
1
2
L
4
5
L
7
F
LT
0
1
LZ
3
4
L
U
7
FL
9
ODV
LS
2
C
JKL
5
6
L
8
9
VL
1
2
L
4
RU
WL
7
8
KLMYZ
0
1
L
3
4
L
6
7
JLDBS
9
O
EL
F
3
ALU
5
VQFE
L
F
9
L
1
2
PL
R
5
L
M
F
L
0
1
JL
U
4
PL
6
7
L
9
A
L
2
3
L
5
K
L
VW
9
LZY
1
U
L
4
V
JCSL
B
S
L
Z
1
L
3
B
L
6
7
LR
9
0
XSLU
2
3
L
5
G
VL
8
F
JLLVY
1
2
L
4
5
L
7
X
L
U
1
L
3
4
L
G
7
LD
9
0
ILY
2
3
JWEL
5
6
L
8
PU
TL
1
2
L
4
Y
L
7
8
RL
VOB
C
L
3
4
AL
C
7
JELU
9
K
L
J
3
KL
5
6
PL
8
9
LF
1
2
L
4
5
L
U
8
L
I
1
JKQLY
3
V
LK
6
7
L
9
0
L
2
3
LDC
5
U
HL
8
9
RLX
1
2
L
4
Q
JTLB
7
M
L
VR
1
UL
M
4
VLU
O
Q
ML
9
0
L
A
3
WL
5
6
QL
8
9
JL
F
P
LY
SU
C
GLZ
7
E
L
T
1
L
3
4
MLI
6
7
L
9
0
L
2
TU
JLLD
5
6
L
Y
9
L
1
B
L
4
5
L
ES
R
L
0
1
LBU
3
4
BL
6
7
JL
9
V
KL
X
3
LY
5
H
L
8
9
KXNGLS
U
FI
LE
4
5
L
Y
S
L
0
V
JLB
3
4
L
K
7
LL
H
GVEU
L
2
3
LO
5
D
L
DQB
9
L
R
2
DL
C
5
JL
7
8
LU
0
1
L
3
4
KLYN
6
7
NL
9
O
L
U
3
IZLS
V
6
L
U
9
JEL
1
M
LF
4
5
XL
7
8
VL
U
1
ELB
Y
4
L
Q
SU
L
9
A
PL
2
3
JLB
5
6
L
8
9
LZ
1
2
L
C
5
LYU
7
8
KL
0
1
L
O
4
ILSR
M
7
JLL
9
S
L
H
3
DL
U
T
NL
8
9
VDLV
1
2
L
F
P
L
L
8
L
K
1
JL
3
WU
L
6
7
L
9
DB
L
2
3
VFL
F
E
MLY
8
9
L
1
2
ILZU
4
Q
JXL
7
8
L
0
1
KL
3
QAF
L
6
7
XJL
9
0
L
U
3
L
X
6
L
S
9
LJL
D
2
L
4
VF
LO
7
8
XL
P
U
L
3
4
L
B
7
KXELY
9
E
NL
2
3
JLX
5
6
L
IF
T
SLSU
W
2
L
A
T
L
AW
8
L
DV
1
GL
3
T
L
6
7
JL
U
0
L
2
3
VGL
5
6
L
8
9
DLL
1
2
CL
4
H
NMLF
7
XU
LYY
V
1
JLEMLBS
3
4
BL
6
7
L
9
0
L
2
3
LL
5
6
ILU
8
9
LYO
1
R
L
4
5
JLR
7
8
L
D
1
LU
3
4
L
U
7
GL
9
SR
LC
2
3
LZ
5
6
EL
8
9
JQLGY
1
G
L
4
U
PL
F
KB
L
0
1
L
3
4
VGLX
J
7
LK
9
XV
L
2
3
JLBU
Y
6
L
Q
9
L
1
2
L
4
5
L
W
8
LK
0
1
L
SU
4
HJL
6
7
JL
9
0
KWLY
2
3
L
K
6
LH
8
9
LZ
1
U
L
HB
5
LP
7
RF
L
I
1
JJSL
3
4
L
N
7
KXL
9
V
LU
2
3
L
5
6
L
Q
9
L
1
C
EL
C
5
JLAAKL
7
O
L
U
1
LY
3
4
LF
R
C
UL
9
0
L
2
3
L
5
6
XL
8
EU
JLVB
1
2
L
4
5
L
7
8
LBF
E
1
L
O
A
L
Q
7
LU
9
0
L
2
3
JEL
V
6
L
8
9
TL
1
2
LY
KL
U
OL
VU
8
L
0
1
L
3
4
HIL
6
7
JBL
9
T
VCL
2
3
LV
KR
SBU
L
8
9
IL
1
2
L
X
5
L
7
8
L
F
1
JL
J
4
YLU
6
7
L
S
0
L
D
3
KHLYS
5
6
L
UD
9
VL
1
2
L
U
5
JL
7
C
L
V
1
L
3
4
RL
6
7
L
9
K
L
TDB
U
LD
BT
6
L
8
9
JLL
CG
A
L
4
5
L
7
Y
KGL
0
F
FLU
3
4
LY
Y
7
L
9
O
L
2
3
JLZ
5
6
XGTLZ
8
9
L
U
QN
HL
F
V
L
7
8
L
0
1
L
3
4
L
I
7
JLPB
9
U
L
G
3
L
5
T
L
8
9
KLH
1
2
TL
4
5
LY
7
8
SLU
O
1
JDLF
3
4
L
6
7
L
N
V
L
2
3
L
5
6
L
APU
9
GL
L
L
L
4
5
JEL
7
8
L
VFE
1
L
3
B
GL
6
U
XOL
9
0
L
2
3
QQL
F
J
KVLY
O
9
JQLSR
1
H
L
4
5
LBU
7
H
L
0
1
L
F
4
L
XX
7
L
9
V
L
2
O
JLL
U
6
L
8
9
CL
1
2
IZL
4
Z
TL
7
T
L
B
1
L
3
U
VL
D
7
JQLFY
9
P
TL
2
3
EL
5
6
L
8
9
LDVY
1
2
LU
4
5
L
7
MZ
L
0
1
JL
3
F
L
P
7
L
9
XG
L
SU
3
L
Y
KY
L
8
9
EL
1
2
L
4
5
JKXLBS
7
U
LY
J
U
L
3
E
L
6
7
L
9
V
L
2
3
LZ
5
6
EL
G
K
JGLU
1
2
L
M
I
L
7
A
L
0
1
SPL
3
4
LF
D
7
VPL
U
0
OL
2
3
JNL
5
6
LJ
8
O
KLYN
1
XB
L
J
5
LO
7
U
L
RVFH
C
L
3
4
L
J
7
JLEL
9
0
L
X
3
L
V
6
LU
8
CT
TUL
1
2
L
Q
R
L
7
X
LT
0
1
JLB
3
4
L
FU
7
KL
9
A
ELY
2
3
LZ
5
6
L
B
9
L
1
2
L
4
SU
JNLZ
7
8
L
0
1
L
3
A
NL
6
7
LS
9
N
L
K
3
LXU
5
6
L
8
9
JVLHD
1
2
VL
Q
5
IL
N
8
ML
D
1
KLMY
U
4
L
6
NF
QKL
9
V
L
2
3
JLDB
5
6
L
8
9
ZL
1
U
L
4
5
RL
7
A
L
0
1
TLL
3
4
XNGL
6
7
JYL
9
0
LU
2
3
L
5
6
L
8
Q
LB
K
2
KLY
4
V
L
7
8
UL
U
K
JLL
3
4
L
X
T
LFV
9
QZB
LZ
H
3
L
5
6
L
CS
U
L
1
2
L
4
5
JL
7
8
L
0
1
L
3
R
NL
6
7
SLBSU
9
U
L
2
3
LY
5
L
L
8
9
JEOLV
1
2
L
4
5
LA
BU
8
L
VR
1
L
3
4
ELB
B
7
KL
F
0
L
2
3
JLL
5
U
L
8
9
L
1
W
ML
4
5
L
7
C
L
0
1
L
3
4
QLYU
W
7
JL
O
0
WL
R
3
L
5
B
L
X
9
AL
1
E
L
U
5
L
7
JV
YL
T
1
JEALB
3
4
VVL
V
7
SL
9
F
L
2
KU
L
5
E
L
8
9
L
1
2
L
D
5
JKLQLY
7
8
IL
V
1
LU
3
X
VL
V
7
L
9
Q
LA
NC
3
KXL
5
6
CALM
8
9
JXRNLP
SU
2
L
4
5
JYL
7
TB
L
0
1
L
3
4
L
U
7
L
9
VU
LF
O
3
JML
5
6
LY
8
K
JLY
1
2
L
4
5
UQLP
H
K
LU
0
1
AL
3
K
L
6
7
JGLZ
9
0
L
G
3
L
5
6
L
U
O
MLI
1
O
EL
B
F
L
7
8
L
0
1
JEL
3
4
LSR
O
U
LY
9
DV
LM
F
3
LH
VUJ
6
TL
M
9
LK
1
2
L
4
5
JPLOU
7
8
EL
B
1
OLF
3
4
L
6
7
PKL
9
0
L
QA
3
DL
U
6
L
8
9
JGLLBS
1
2
PL
4
5
L
7
8
KLY
H
1
L
3
SU
L
6
S
LL
9
0
L
X
F
JLL
R
C
UL
8
9
VLR
1
O
LU
4
D
LS
7
8
LI
A
1
L
E
X
XL
6
7
JL
9
0
L
U
3
L
5
DB
L
8
9
LVY
1
2
XL
A
5
KSLZ
7
8
L
K
KU
JIZL
3
4
L
6
A
L
9
JE
L
2
3
LF
5
6
L
X
V
LBU
1
VV
L
4
VT
JEYL
7
8
ALN
0
1
L
3
4
L
6
7
PL
U
0
LZY
B
3
L
5
A
L
8
F
JL
1
2
L
4
5
YLI
7
QU
L
0
1
YMKL
Q
4
LHZ
6
7
OTL
9
UR
L
2
3
JLEL
F
I
SMLU
8
9
JL
1
D
L
4
N
NL
7
8
YZL
VOV
1
KLY
3
4
L
U
7
JOQLB
C
BQ
L
2
T
L
C
6
L
8
9
KBL
1
T
L
C
VU
L
7
8
L
0
1
JVL
3
4
L
T
7
LZ
9
0
CL
2
3
ILU
5
F
LV
X
9
L
1
2
ALY
4
5
JKLN
7
8
L
0
1
L
U
JB
VL
D
7
L
9
0
FL
2
3
L
5
V
L
8
9
JL
N
U
L
4
5
L
7
O
L
0
1
KXHLS
3
A
OL
6
7
LF
9
V
ALU
Q
X
JQXFELY
5
6
LF
N
9
L
1
2
L
4
5
L
7
8
L
GSBU
1
MLF
3
4
IL
M
7
JLL
9
V
L
2
3
L
5
AR
L
8
U
LA
1
2
L
4
5
L
7
8
L
0
1
JVWGL
3
GO
KGHLYN
X
7
LU
9
DB
L
O
3
CQL
R
6
SL
NF
9
LZ
1
2
L
4
W
JEMLB
U
V
L
D
1
LRZ
3
4
L
6
7
L
9
U
L
2
3
GLH
VI
U
L
H
9
JLVY
1
K
L
R
5
LY
7
8
L
Y
1
XNL
3
4
FLU
O
7
LZ
9
Y
PL
Z
3
JGL
5
6
L
8
F
LZ
1
B
L
U
5
EL
7
8
L
Q
1
L
A
4
L
S
7
JL
9
0
L
2
SU
L
5
M
ELY
8
9
VLP
1
2
L
K
5
L
7
8
L
0
1
JLLBU
E
K
L
6
7
L
I
0
XL
2
3
L
5
6
L
DB
9
LF
FU
K
L
4
5
JL
F
8
L
HDV
1
L
3
4
IL
6
7
KLY
9
U
LV
2
C
L
5
H
L
8
9
JL
1
2
L
Q
VE
LC
7
8
LU
W
1
CL
3
4
RL
6
7
IL
9
0
L
2
3
JTLBS
5
6
QL
KU
9
LSR
F
M
L
4
5
LN
7
8
VOLY
H
R
EL
3
4
L
ZU
U
JEAL
9
X
L
2
3
L
V
XQ
L
8
9
SL
1
J
L
4
5
SLU
7
8
GLZ
V
1
JEL
3
4
L
6
7
L
9
VB
L
D
K
L
U
6
L
8
9
LYV
1
BF
L
4
5
JLLD
7
8
L
0
L
YL
3
HU
QL
6
7
LL
9
P
L
2
3
SL
Z
M
L
8
9
JL
1
2
LU
4
5
L
7
OUV
L
X
1
L
3
4
VL
B
7
L
9
H
KLY
CU
3
JBL
5
6
L
C
9
KXNGL
1
2
LF
4
5
L
7
8
L
0
U
WWL
3
4
OL
6
7
JLB
9
0
L
2
3
KL
5
6
L
8
9
LVKU
1
2
L
4
5
LO
7
8
DL
AD
1
JDQLBY
3
4
L
6
7
L
SU
VD
LC
Z
3
L
5
6
L
JY
9
L
1
J
L
F
YR
JL
7
U
L
XA
1
NKL
3
4
LO
E
Y
UL
9
RH
IZL
D
3
IL
5
6
LU
8
9
JLEL
1
2
LY
4
5
LB
7
B
L
0
1
GL
3
4
JUL
ZU
7
ELB
9
V
L
H
3
JL
VX
E
L
OR
9
L
1
2
L
4
FU
LSZ
7
V
LM
AVV
U
L
3
4
L
6
7
JL
J
I
CL
2
3
KLBYU
5
6
L
8
9
LZ
1
2
L
B
5
L
M
Q
L
K
1
JXVL
U
4
LS
T
7
L
9
K
LT
2
3
TLT
5
L
L
QJ
9
VDLY
1
TSU
L
4
5
JCLF
7
Q
XLF
0
1
L
3
4
LMY
6
7
L
9
0
LU
D
3
L
5
G
L
Z
9
JLDB
M
O
L
4
5
VFL
7
8
EEL
U
1
LL
3
4
L
6
7
L
9
V
L
2
3
JYXLL
X
Q
L
8
VU
L
1
QW
L
4
V
VLY
F
8
L
R
1
XJL
3
4
L
P
7
JLCU
9
B
L
TI
U
L
V
B
L
8
9
LL
1
2
L
4
5
L
U
8
L
HZ
Y
JEL
3
4
L
6
K
L
9
CS
L
2
3
IL
5
U
KELYO
TT
9
EL
1
2
L
4
5
JLX
7
F
L
VR
1
LF
3
Q
GSLU
K
7
L
9
0
L
SB
3
L
5
6
L
8
9
JLDV
O
2
LZ
XU
5
L
7
8
L
A
1
PL
3
4
RL
6
7
ELY
9
0
VL
K
U
JL
O
6
L
8
9
DEL
1
A
WL
K
5
LO
7
8
NMLF
W
T
LXU
3
4
VL
6
7
JKXLLBS
9
0
L
2
3
L
5
6
L
8
9
L
DU
2
L
4
R
L
7
PX
JLY
0
1
JL
3
Q
AL
O
7
RQL
9
GU
L
2
3
LR
5
6
L
8
9
LD
1
2
LU
4
5
JL
7
8
ELU
VF
1
L
3
B
SLSR
N
7
OAL
C
V
L
2
H
L
5
JMH
L
SU
9
JKQLYN
1
U
L
4
5
L
7
O
PL
0
1
KL
3
4
L
6
U
L
9
C
L
2
3
JEJL
5
6
L
GU
9
RL
S
2
L
4
5
LBU
7
8
L
TUB
F
LQ
3
A
L
X
7
JL
9
U
LY
2
3
L
VU
B
TIL
8
9
MLY
1
2
L
4
5
L
7
FE
L
T
1
JLLZ
3
XU
QL
A
7
L
9
V
L
2
3
L
5
Q
L
8
PF
GLZ
1
2
VLU
4
X
JHLB
7
8
LP
0
U
RLYF
3
S
MLIY
6
7
JSL
9
0
L
XU
3
NL
5
6
XL
8
9
JVLH
1
2
QL
V
5
FL
7
J
L
B
SU
MLQ
3
4
L
QKL
7
CL
C
0
L
C
X
JWAKL
Z
I
OL
J
9
LU
1
DTB
KLY
S
B
L
7
K
L
Z
A
L
F
4
KL
6
7
JLG
U
R
L
X
3
L
5
E
KL
8
9
GLVYSR
1
N
OL
JY
V
L
7
U
L
0
1
JL
H
A
GLE
6
7
L
9
0
AL
F
3
FLY
BH
6
LU
TGB
9
LDL
1
U
L
4
5
JLEXL
7
8
L
TO
1
EL
3
F
L
UU
K
L
D
0
LL
G
3
OL
5
6
L
Y
9
JMRL
1
2
LK
4
EU
L
7
8
L
V
1
L
J
4
LY
6
7
L
9
0
LV
2
3
JSHLBU
5
6
L
8
9
IZL
1
Q
L
4
5
XL
7
8
L
V
1
LZ
U
4
LF
6
C
JL
E
XC
L
2
3
UL
V
6
LZ
8
9
EL
1
LU
DL
K
5
KKXHLY
7
8
L
0
1
JLUL
3
X
VPL
S
7
L
9
XVB
LU
2
3
L
5
6
L
8
9
L
1
A
L
4
5
JL
7
8
L
QU
1
L
3
4
KL
F
V
TWL
9
0
L
2
3
L
R
H
LY
8
U
JLLG
1
2
AL
4
5
L
7
8
L
D
E
YL
3
R
NL
EPAB
T
FLBU
9
VDV
L
2
3
JSYL
5
6
L
8
9
L
O
2
L
4
5
