L
ZL
RL
ZLP
LG
RZLS
LL
TZLP
IRL
ZLGJ
LV
RWZLPS
BL
ZLLZ
RLWG
TZULP
LG
IRZLZS
LU
NZLPGJ
ARLL
ZLVM
XL
TRWZLPSQ
LDG
BZLJ
IRGL
ZLLPZP
LB
RZLWSVGJ
LC
TZYULP
ZRLV
ZLPG
LPLG
IRWZLPZSI
LU
QZLU
BRLV
TNZLKPGJ
LG
ARZLLKSZ
JL
IZLPVM
IRLWCG
ZYXL
ZL
TRWZUALPSQ
LLD
ZELDGJ
DRLG
BZLPJY
LQ
IRXGZLZS
ILVG
TZLLPRZP
RCLU
ZLBN
KL
NYRWZLPWSVGJ
NL
LZLC
FAIRLL
TZYULPS
BLNG
ZRZLSSVM
HL
ZLPDPG
RXLX
ZLPLGZGJ
LJ
TIRWZLOPZSQI
JL
ZLUC
RLLWDG
HQZLPU
HLLV
BRZLJKVS
LT
TNZULKPHGJ
IRGEL
WZLG
JL
ARWZSLLPKSZP
LLGG
ZZJL
RZLB
TIZLPVBM
NL
IRFZLZWSCVGJ
BLLT
ZYXMLP
RLCO
ZZGL
SLUG
TKRWZYUALPSQ
TL
VZLLDZ
ZNIRLV
NZELPBDGJ
VL
DRZLTSPG
LX
TBZLPJQY
ARXLPLWG
ZLQQ
LN
IRWXGZKLPZSI
HL
ZILQVGJM
SRLU
TNZULLPRZP
XL
RQCZLTUS
LXLG
DZLPBN
BIRLVR
KHZL
QLLG
TNYRWZLKPPWSVQGJ
WLV
TNZL
RLGT
LZLCPY
LVDG
FAIRHZLLKZSZ
LT
TWZYULPS
NRJL
BQZLJNGJ
BL
ZRWIZLPSSVIM
LLUM
HZZL
IRGALWCG
TKZLPDPG
KL
RZYXLXSO
FL
NSZLPLPGZGJP
RZLK
ZLXJ
BLVM
TIRWZUARLOPZSQI
CLBG
NZJL
RARLLD
AZLPUC
LU
RZELLWDSUVGJ
LZ
THQZPLPU
DIRVLG
HZLLVVZM
JLCG
BRWYZLPJKVSY
LL
DZLT
ROLQ
TNZYULKPBHGJ
XILL
IRXGZGELZS
FL
WZLPGZ
ZRZILWVG
GZJL
LL
TARWZSLLPKRSQZPP
BLN
LYZLPGGJ
IRCALU
ZZJLPL
GL
RZZLBBSN
LPLDPG
TLIZULPVBM
KORL
NZLF
LC
NYIRWFZLPZWSSCVIGJ
LL
BZLLJTNZ
RNLD
TZYXMLPG
YLUG
LRZSLCOS
FLVG
ZZGLPS
FAIRGQLL
SQIZLUGJ
IL
TKRWZYUALPSSQS
UL
ZZTL
BRLWVKNG
VVZLLPDZP
HL
ZNIRIZLZSSVM
LU
TNZELKHPBDGJ
RHKL
ZVHL
LKLB
DRWZBLTPDSPG
CLGG
LZLX
IRXLBX
TBZULPJQYR
YLUV
ARBXZLPLKWGSVZGJ
LI
ZLQPQT
RLJY
ZLVN
JLMG
TIRWWXGZKLOPZSQI
SLLC
HZHL
RJLG
CNIZILQPVGJM
BWLG
SRZLUZSC
BL
TENZYULLPRZP
IRSLLWDCG
ZXLP
GL
HRWQCZLZPTUS
LD
GLZYXLGJ
ZARHLLWV
TDCZLPBN
ZL
BIRZLZHJKVSR
ZLXG
KHZLNP
RRLT
ZQLLNPGZ
LK
TNYRWZUALKPPWHSHVQGJ
TL
ZWLVOM
IYRGEL
TNZLPA
FLPLDG
RWZLGSTD
BMLU
TLZLCPJY
RJLZ
ZCELVDGJ
LN
FAIRWHZSLLPKZSZIUP
XZLV
KZLT
DLRLWGGY
TWQZYULPS
LQ
NRZZJTLS
BLLU
BQNDZLPJNYGJ
IRZLBF
BZLF
LL
TPZRWIZLPSSVBQIM
LPQG
FQZLLUZM
RNCL
HZZLPC
PL
IRXGFZALZQWSCVGJ
LR
TKZIULPDPG
BARPLLVT
KZLA
MILDVG
RWZYXMPLPXSO
CL
FYZL
PIRLCO
TNSZLKPILPGRZGJP
EL
RZTZGLSK
KL
ZLPRXJ
RSCLWUGA
BZLJYVMM
LLGZ
TKIRWZYUARLOPZSQIX
HLG
CZCLBNGJ
RTPL
KNZJLP
EL
RARVZLLKDSZO
KLAG
TAZJLPUC
ZNIRGGLV
ZLUR
BXLA
NYRWZELOPLBWDSUVGJ
JOLL
ZTLZ
RVLG
THQZPULPUP
NLUG
DMIRZVLTZSPG
JL
HIZLLPGVVZMP
KRLX
LZJLJCGJ
LR
TBRWYZLPJKVQSQYC
RL
ZALL
FAIRXHLPLWCG
DZLPQT
JL
RZOLQTSQ
LBQV
TNZYTULKPBHGJS
RLYN
ZYNXILLZ
LUGE
IRWXGZGQKELPZSI
BLADNG
ZIFL
RHLL
TEWZLPGZ
ZLLH
ZRNZZILQSWSVVGJM
OL
GZJVLP
SIRLLU
UZLL
HLPG
TARNWZUASLLPKVRSQZPP
LQ
BZLNJY
RXCL
NLYZLPEDPGGJ
LCZV
IRQCZALZZTUS
LLDH
TZZJLPLE
RLXXLWXG
ZWGL
GL
RWDZZVLPBBSN
XL
TZELPLDGPZGJ
BIRMGLVR
TLIIZYULPVBM
JL
KORHYZLS
ELJG
NZLFPU
DARQLLVG
ZLCD
UL
TNYIRWFZLOKPPZWSSCVQIGJD
LUB
LZLN
ZROWLV
BZLPLPJTNZYP
JLLG
TRNZYLDS
LJ
TZYXUBMLPG
IROLGT
ZYLGUCGJ
KLLQ
LRWKZSLCPOSY
VL
FZLPVGYM
RPLVLWDG
TZZQGLPS
BTLB
FAIRXHGPZQLLKZSZ
GL
NHSQIZLPUGJD
RLCT
ZQIL
RL
TKHRWWZYUALPSSQS
LHILPLVG
UZAL
NIRJUL
ZZTTLP
LL
BQRZLWJKVSKNVGUJ
XLSG
TVVZBLLPDRZP
RBSL
HZLS
FLTG
ZNIRWIIZJLPZSSVIIM
RL
ZNLU
ARCKLLUM
TNZUELKHPBDHGBJ
GL
RHZZKOLS
BQLC
ZVHLPB
IRGEALKWCG
TZLKLBZN
FLUV
TDRWKZBLTPDSPGQF
ML
CWZLGJGJ
KRLD
LZLPXC
KCLL
IRSZYXLZBXSO
LJLG
TBOZYULPJQYR
FRLA
QZKYLUVM
LG
ANYRSBWXZSLPLPKWGSVZGJJP
LZ
ZLLI
IRZLBK
TBZLQPQT
LLDGGW
RKZLSXJY
ANLL
ZLVPNB
BZRLVVSM
WZZJLMGJ
IL
TIRWWXGZUKARLOPZSQIM
LZ
LSZLLCZY
RCZLBWYG
HZHLPK
XLUR
RNZJGLGS
UL
TCNIZILKQPVEBGJM
FRAITRLLD
BWZLJPGN
AL
SRWAZLPUZSCX
NPLG
BNZL
PRLU
TENZYULLPARZPS
RL
KIRFSZELZLWDSCUVGJ
LGVE
ZXPLPP
RALZ
ZGLP
BLPLTNUG
THRWQECZPLZPTUSQ
IL
ZALD
DIRGSVLG
NGLZYXMLFPGJ
LV
ZARHZLLKSSWVVZDM
HL
TMDCZULPBN
RJLCWOVG
ZZLT
RL
JBIRWYZLPZHJKVSRIY
HLLZ
ZZGTLXGJ
RPLL
TKHZZLNP
UJLV
RRDZLLST
SRLUDG
JZQLLPDNPGZP
IROLLQ
ZMLK
LZ
TKNYRWZYUALKPPWBHSHMVQGJ
BSLU
TZSL
ARXILLXB
CIZWLPVOM
TLQG
IYRUXGZGELZS
CL
TTNZLPAJ
RFBL
FVZULPLDGZGJ
KL
RWWZLNPGZSTD
LBUG
BQZMLUJL
ZNIRUZILWCVG
TLZULCPNJY
LLJO
GRZJLZPS
BL
KNZCELPVBDGJ
RBLL
ZALN
GL
TFAIRWHZZSLOLPKZRSQZIPUP
GVLG
CZYXZLVM
BRLUNV
KZKLPT
JL
DLRYZVLTWSPGVGYJ
JLLE
TWQZYULPJS
IRGCAHLU
LZLQ
LXXG
NRWZZJTLPLSV
ZLVJ
ZBZLLUCZ
RCGL
TBQNDZQLKPJQNYGJ
SL
ZIRZZLBZBSFN
UL
BZLPFV
ARRXLPLLWDPG
LZWL
QLCG
TPZLRWIEZUALPSSVBQIM
XL
ZLQPQGJ
KIORL
HFQZLLPUZPM
BLG
RNZCLFS
LNG
THZZLPC
RLC
ZPL
HLLDV
NYIRWXGFZKALPZQWSSCVIGJ
L
ZLR
LRL
TKZYIULPDPG
HLG
BARZPLLKJKVTNSZ
L
KZLPA
IRNLD
MZIELQDVGJM
LBU
TRWZYXMPLPGXSQO
LLT
CZL
SRYLWUG
FYZLP
L
LPIRZSLCZOS
BJL
TNNSZULKPILPGRHZGJP
ZDFRLVG
EZL
L
RZWTZGLPSKS
XLG
KZL
FAIRGEQLL
TZLPRXJ
L
RSQICZLTWUSVGAJ
L
BIZLPJYVMYM
RIL
WZLLGZZ
LXLDG
TKIRWZYUARLOPZSSQIXS
L
ZHLPG
RUL
NDCZCLPBNGJ
JLL
RZZTPLS
LVQ
TKNZJLP
BIRLWVKCRNG
EZL
L
RARWVVZSLLPKDSZOP
LCU
KHZLAGJ
RHL
TAZUJLPUC
L
ZNIRGXGIZLZSSVM
LQLPLGG
ZLPUR
RLU
BZYXLAJ
L
TNYRWZELKOHPPLBWDSUVQGJ
L
ZZJOLLZ
IRHKL
ZTLZP
IWLVG
RZVHLGS
L
THQZPYULPUP
ARZLKLB
TNZLUGJ
BZL
DMIRWZVBLTPZDSPGI
L
JZL
RCLGWTG
THIZLLPRGVVBZMP
L
KRLZLSX
L
LNZJLJCPGJY
IRGXLBX
ZLR
NLL
TBRWYZUALPJKVQSQYCR
LVDG
RZL
ZRCYLUV
ZALPL
LUG
FAIRBXHHFZLPLKZWGSCVZGJ
L
TDZLPQT
RLI
ZJL
LGT
RWZOLQPTSQT
BLLDT
ZLBQVNM
IRLJY
TNWZYTULKPBHGJS
L
RZLVYSN
L
ZYNXIMLLPZP
NRJLWMG
QZLUPGE
L
TIRWWXGZGQKELOPZSQI
KLV
BQZELAJDNGJ
ARSLLCO
ZIFLP
L
RHZHLSL
BLG
TEWZULPGZ
IRJLG
ZZGLLHZ
L
ZCNYRNWIZZILQPSWSVVIGJM
L
ZOL
BDWRLVG
TGZJVLP
SLPLUGM
SIRLZLZUZSC
XLB
UZLPL
RBL
HZZLPGJ
NLV
TKAERNWZYUASLLPKVRSQZPP
L
ZLQ
IRGSALLWDCG
BZLPNJYY
L
RZXCLSP
TLL
TNLYKZLKPEDPGGJ
RGL
LZLCZVM
L
HIRWQCZALZZPZTUSI
KLG
VZLLDHZ
RLD
TZZJULPLE
BLQ
RGLZXYXLWXSVGOJ
L
ZWGLP
FZNAIRHLLWV
ZGL
FLG
TRWDCZZVLPBBSQN
LGG
XZL
ZRL
NSTZELPLPBDGPZGJP
L
BIRMXGZLZHJKVSR
LUU
TLIIZYULPVBMS
RZLXWKG
ZJL
VLL
KORHYWZLNPS
L
EZLXJGJ
IRRLT
TNZLFPU
XLC
DARZQLLTKVSNPGZ
BILVNMG
ZLPCD
RLK
ZUL
L
TNYIRWFZUARLOKPPZWSHSCHVQIGJD
LLX
QZLUB
RTL
LZLPN
CLBDG
ZRZOWLSSVOM
L
TBZLPLPJRTNQZYP
IYRGEL
NZJLLGJ
JLG
TRWNZYLPDAS
L
ZLJ
FRARXLPLDWG
TZYYXUBMLPG
HLV
IROWZLZGSTD
L
NAZYLPGUCGJ
BRCMLUV
ZKLQLQZ
L
TLRWKZSLCPOSQJY
LUG
ZVL
IRJLZ
FIZLPDPVGYM
LLN
RZCPELVLWDSUVGJ
L
TZZQGULPS
RLN
BTZLBJN
LZG
FAIRWXHGPZKQSLLPKZSZIUP
L
ZGL
ZRXZLXV
TNHSQIZPLKPUGJD
L
RKZLCST
HLL
ZQILP
DLIRVLWCGGY
RZL
BKL
TKHRWWQZYUALPSSQS
L
LHZILPQLGVVZGJM
RLQ
UZALP
L
NIRZZJTULZS
JLCDG
TZZTTLP
ASRBLLU
ZLL
LGU
BQNYRDWYZLPWJKVSKNVYGUJ
LVJ
ZYXLSPG
IRGZLBF
TNVVZUBLLPDRZP
LGL
RBSZLFS
L
HZLSP
RLL
DFZLTGJ
XLL
TPZNIRWIIZJLOPZSSVBQIIM
BNL
RZL
ROLPWQG
ZNLPU
L
ARFQCZKLLKTUSZM
ZLG
TNZYUELKHPBBDHGBJ
IRNCL
ZGL
JLV
RWHZZKOLPCS
LXILPLG
BLZQLCJ
RPL
TZVHLPB
L
IRXGFZGEALKZQWSCVGJ
L
TDZLKLPBZNP
RLR
FZLUCVM
FLG
TDRWKZIBUALTPDSPGQF
JLU
ZML
BFAIRPLLVTR
NCWZLPGZJGJ
L
KRZLSAD
L
TLZLPXC
ZRMZILLWDVG
KHCZLLZ
L
IRWSZYXMPLPZBXSIO
L
GLZJLGJ
CRL
TBOZYULPJQYRS
QLLDG
FRYZLSA
LLG
HQIZKYLPUVM
PIRGLCO
ZLG
L
TANYRSBWXZSLKPIPLPKWGRSVQZPGJJP
LB
ZLZ
ERL
ZLLPI
BLNNG
IRZTZGLZBSK
HWLLV
TBZULQPQT
RKL
LYZELDPGGJW
XLU
RWKZLPRSXJY
L
TANZLLZ
IRSCALWUCGA
TZLVPNB
L
BZRZLSJKVYSVSMM
L
NWZZJLPLMGJ
ARLLGTZ
IZL
L
TKIRWWXGZYUKARLOPZSQIXM
GLG
ZLZ
DRHLG
LSZLLCPZYPY
LVT
RCZZCLBBWSYVNGJ
BHL
THZHLPK
IRTPL
QZYXLUR
LPLVDPG
RWKNZJGLGPS
L
ZUL
REL
TCNLIZIULKQPHVEBGJM
L
FRAITRVHZLLKDZSZO
L
BWZLPDJPGYN
KORLWAG
ZAL
L
TSRWAZJLPUZSCQX
LLT
NZPLFGJ
ZNIRGGELV
BNZLP
ZLU
PRZLUSR
LCG
TENWZYULLPARZPS
BRXLAVX
ZRL
LCB
KNYIRWFSZELOPZLBWDSSCUVIGJ
LQG
WZLGVME
ANRJOLL
TZXPLPP
LLG
RZTALZS
L
ZGLPP
IRVLG
BQZLPLJGTNNUZGJ
L
THRWQECZPUALZPTUPSQ
JLV
ZIL
RNLDWUG
ZALPD
BLL
DMIRXGSZVLTZSPG
L
TNGLZYXMLKFPGGJ
RJL
ZLV
BLJ
ZARWHIZSLLPKSGSWVVZDIMP
YLUDG
HZL
KIRLX
TMDCZYULPBN
L
LRZSJLJCWOSVVGJ
LLDUM
ZZLTP
RLR
ZRL
LFILVGG
TJBIRWYZLOPZHJKVQSRQIYC
L
HZZLLZZ
RRL
NZZGTLXPSGJ
L
RZPALSL
XLG
TKHZZULNP
FAIRXHGQALPLWCG
UZZJLVM
L
RRDWZLPLSQT
BJL
SQIZERLUDGJ
RJL
TKJZQLLPDRNPGZP
L
IRZOLQZTSLQ
ILG
ZMLPK
ZRZLBQV
ZLZ
KLL
TKNYRWZYTUALKPPWBHSSHMVQGJS
LC
BSZLUJC
IRLYN
TZSLP
ULG
ARZYNXILLKXSZOB
L
TCIZWLPVBOM
DRCLUGE
ZZTLQGJ
L
IYRUWXGZGQKELPZSI
FLL
ZCL
BRLLAWDVKNG
TTNZULPAJ
L
RZIFBLS
NLV
FNSVVZULPLPDGZGJP
IRHLL
KZL
L
TRWEWZLNPGZSTQD
HLG
ZLBPUGN
ARZLLHK
BHQZMLPUJYL
JXL
ZNIRNUZFIZILQZSWSCVVGJM
L
TLZYULCPNJY
ROL
ZLLXJOZ
LGU
GRWZJVLZPPS
L
BZL
SIRGLLU
TKNZCELKHPVBDGJ
BHLLTVM
RUZBLLS
KLG
ZALPN
RHKLPWG
GZL
LUQ
TFAIRNWHZUZASRLOLPKZVRSQZIPUP
L
GZVHLGJ
RLQ
CIZYXZMLPVM
L
BRZLUNJKVSY
CLKPLBG
TKZKLPT
IRXCL
ZJL
L
DNLYRYWZBVLTPEDWSPGVGYJ
L
NZJLLEZ
ZRLCZOV
TWQZYULPJS
CLGDG
IRQXGCZAHLZZTUS
BLT
LZLQP
RARLLDH
LZLXXGJ
L
TNRWZZJTLPLSQVE
L
ZZGLVJM
IRLXXLBWXCG
ZBAZLLPUCZP
NLG
RZCWGLS
L
TBQNDZQULKPJHQNYGRJ
RGL
SZL
LLU
ZIRWDZZVLPBZBSFNI
SIYLUVG
UZL
RXL
TBZLPFV
L
ARRBTXZELPLKLWDGSUVPZGJ
L
LZWLP
BIRMGELVR
LZQLCPG
LIG
TKPZLRWIIEZYUALPSSVBQIM
LZL
ZYXL
RJL
NZLQPPQTGJ
L
KIORHYZLZS
L
THFQZPLLPURZPM
RELWJYG
BWZLGJ
TLV
RWNZCLFPSU
L
ZLVNGJ
FDAIRVQLLVG
THZZULPC
LBU
RZLCDS
JLDMG
ZPLP
RUL
HVZLLDVVZM
BJL
TNYIRWWXGFZKALOKPPZQWSSCVQIGJD
ZXL
ZL
RCLUB
ZLPR
SJLPLCG
LRZLSN
L
TKZYIULPDPGS
ZNIROWLV
HZHLGJ
L
BARWYZPSLPLPKJKVTNSZYP
L
ZL
RJLGWLG
TKZLPA
L
ITRNZYLZDS
LLL
CNMIZIELQPBDVGJM
RLJ
QZLBUN
L
TRWZYXUBAMPLPGXSQO
BLWLNGG
DZLLTZ
IROGLGT
CZLP
L
SRZYLGWUZSCVGJ
VLV
TFYZLP
ARKOLLQ
ZL
BLG
LPIRWKZSLCPZOSIY
L
BZZJLJ
RVL
TENNSZYULKPILPBGRHZGJP
KLU
ZDFRZLTSSPVGYM
L
EZLP
IRSPLVLWDCG
ZL
XILLD
TRZWTZQGLPSKSQ
L
ZXLGPJ
BRTZLBV
KZLP
LXV
FAIRXHGPZGEQLLKZSZ
GLG
TZULPRXJ
RGL
ZL
HLG
NHYRSWQICZLZPTWUSVGAJD
FLL
ZL
IRLCT
TBIZLPJYQVBMYM
LDG
RZQILS
LCU
WZLLPGZZZP
RRL
GLZYXELDGJ
L
TKHIRWWZYUARLOPZSSQIXS
L
ZL
ZALRXHZILPLWWVG
ZHLPDPG
BNL
RUZALS
NLU
TNDCCZCLKPBNGJ
NIRGJUL
GZJLLZ
L
RWZZTTPLPS
ZLG
ZLQVQM
RLL
TKNZJULP
LLL
BQIRFZLZHWJKVSKCRNVGUJ
L
EZLP
DRXLSXG
ZL
ZLXDG
TRARWVVZBSLLPKDRSQZPOP
LVN
LQZLCU
IRBSL
KNHZLNPAGJ
L
RHZLSS
BLLNT
TAZYUJLPUC
RRFLWTG
ZL
L
ZNIRWIGXGIZJKLPZSSVIIM
LBG
LYZQLPLGNPGZGJ
RRL
TZLPUR
L
RZNLSU
LKG
BZYXMLPAJY
FAIRCAKLLUM
ZL
HLV
TNYRWZUEALKOHPPLBWDHSUHVQGBJ
L
ZL
RGL
ZZJOLLPLZP
TLG
IRHZZKOLZS
LGJ
TZTLZP
BRQLCVO
ZIWLQVOGJM
GLL
RWZVHLPGBS
L
ZL
IYRGEALKWCG
THQZPYULPUPS
L
ARTZZLKLKBBSZN
XLQ
NTNZLPAUGJ
ZSRFLUV
BZZGLJ
L
TDMIRWKZVBLOTPZDSPGQIF
FLPLDDPG
ZL
RML
JZLP
L
RCWZLGWSJVTGDJ
L
TLNHIZULLPRGVVBZMP
KIRLD
ZL
BSMLUNG
KRLWZLPSXC
L
ZL
KAORCLL
TLNZJLKJCPJGJY
JLG
IRSXGZYXLZBXSO
XLV
ZLRP
RLJLZWG
NZLFLZ
JLB
TBKORWYZYUALPJKVQSQYCR
L
ZCELVDGJ
FIRLA
RZLP
LLC
ZRQCZKYLTSUSVM
LNG
TZALPL
RLG
ZLUCPG
L
FANYIRSBWXHHFZSLPLPKZWGSSCVZIGJUJP
BTL
ZL
RLZ
TDZULPQT
LIXZLVG
RZLLIS
LLL
ZJLP
IRZGLBK
KZLGJT
LCG
TRBWZOLQPTSQQT
HLU
BVZLLDJTNZ
DLRLLWDGGYW
IDZLPBQVNM
L
IRKZLZSXJY
L
TNWQZYTULKPBHGJS
ARANLLD
ZL
L
RWZLVPYSNB
LQG
ZL
BZNIRLVRVSM
TZYNXIMLLPGRZP
L
NRWZZJTLWSMVGJ
L
HQZLPDUPGE
RIL
ZL
BYLPLUG
TIRWWXGZGQUKEARLOPZSQIM
L
KHZLVM
RLZ
BQNDZELPBAJDNYGJ
L
LARSZSLLCKOSZY
L
TZIFLP
IRCZLBWCFYG
ZL
L
RWHZHLPSKL
FHQLLVG
BZLFGJ
RCXLUXR
TEWZYULPGZ
BVL
IRNZJGLGZS
LLG
ZZGLLPHSZP
RUL
ZL
L
TPZCNYRNWIZZILKQPPSWSVEBVQIGJM
L
ZL
FRAITRGQLLD
ZOLP
LPDQG
BDWRZLTJKVSPGN
L
TGZUJVLP
RAL
FSQIZLPLUGZGJM
WLV
SIRWALZLPZUZSCIX
JLC
ZYXLBN
RNPCLWG
TUZLPL
ILL
RBNZLS
BLX
NHZZLPPCGJ
PIRLU
TNZLVM
LGT
TKAERNWZYUASLLPKAVRSSQZPPS
PLG
ZL
RRL
ZLPQ
LUJ
KIRXGFSZEALZLQWDSCUVGJ
ULL
TBZLPNJQYY
ZRLGVTE
ZL
LRG
RWZXCPLPSP
KXL
ZZTLLZ
IRALZ
TNLYKZIULKPEDHPGGJ
L
RZGLSP
ZLB
LIZLCPZVMY
BARXPLPLWVTKNUG
ZL
L
THIRWQECZPALZOZPZTUSQI
LU
KZLAGJ
RIL
VVZLLPDHZP
L
RZALSD
MILVDVG
TZZYJULPLE
DIRGSVELG
BZLQJQ
HLL
NYRWGLZXYXMPLFPWXSVGOJ
L
ZL
RLV
TZWGLP
CLG
FZNAIRHHIZLLKZSSWVVZDM
JLU
ZGLP
RHL
FYZLGJ
BLN
TMRWDCZZVUALPBBSQN
LLU
WZLGPG
PIRJLCWOCVG
XZLP
LVT
ZRZLTS
L
TNSTZELKPIHLPBDGRPZGJP
RRL
ZL
NXL
JBIRWYMXGZKLPZHJKVSRIY
ELG
QZLUUC
ARHKLLZ
TLIWIZYULPVBMS
L
RZTZGTLXWSKVGJ
JLG
ZJLP
IRPLL
ZVHLLZ
KLG
TKORHYWZZLNPSQ
BHL
ZL
ZNRUJLV
NEZLPRXJGJ
LKLDB
IRRDZLZLST
L
TNZULFPU
RSCRLLWUDGA
LZYXLC
L
DARWJZBQSLLTPKDVSNPGZP
L
BQZILQJYVNMGJM
IRGOLLQ
TZLPCD
L
RZMLSK
CLPLGGZ
ZULP
RLZ
ZL
L
TKNYIRWFZYUARLOKPPZWBSHSCHMVQIGXJD
BLV
LZLLXZ
BSSRLUV
HQZLPUB
LHLGG
RTZSLS
L
TLZLPN
FAIRXILLBXB
CZCELBDNGJ
L
ZRCWIZOWLPSSVOIM
L
ZL
RTPLQWG
TBNZULPLPJRTNQZYRP
ZLC
IYRUXGZGELZS
L
NKNZJLPLGJ
RCL
ZZJLPG
HYLLUVM
TTRWNZYLPDASJQ
ELG
ZL
IRFBL
ZLPJ
BXL
FRARBXVZULPLKDWGSVZGOJ
L
TZYYXUBMLPGS
RKL
HZZLVM
KLDAG
IRWOWZLNPZGZSTID
LLI
ZL
DRZLBUG
TNAZYJLKPGUCGJ
L
BRQCZMLTUJKVSL
L
ZKLQLPQZTP
ZNIRGUZGIALWCVG
ZL
L
TLRWKZSUALCPNOSQJY
L
ZLUGRJ
ARLLJYO
ZVLP
L
GIRZJLZPZS
BLXLANG
TFIKZLPDPVBGYM
BRL
ZLVLNZ
L
KNYRWZCPELOPVLBWDSUVGJ
LUT
ZL
IRBLL
TZZQYGULPS
JOLPLMG
RZALNS
KLV
BDTZLPBJNY
RGL
ZTLZGJ
L
TFAIRWWXHGPZKQZSLOLPKZRSQZIPUP
NLG
ZL
RGVLWGG
ZGLP
LGU
ZRCZYXZLSXSVOM
SLLCD
TNHSQIZPULKPUPHGJD
BIRLUNVR
ZL
L
RWKZKLPCST
NLUDG
HZHLLZ
RJL
TZQILP
FLV
DMLIRYFZVVLTZWSCPGVGYJ
L
RZLP
ARJLGLE
BKHZLJ
JLG
TKHRWWQZYUALPJSSQS
LBQ
ZL
IRGCAEHLU
CNLSHIZILPQLPGGVVZGJMP
HXL
RLZLQS
L
TUZALP
KRLXWXG
ZL
BWQLLTG
NIRWZZJTULPZLSVI
L
LZEJLJCDGJ
ZRZLKVJ
TZZTTULP
L
ASRZBZLLKUZSCZ
LRG
ZLLP
IRCGL
QWZLGU
L
TBQNYRDWYZQLKPPWJKVQSKNVQYGCUJ
BLL
ZLVXJM
SRL
ZYXMLSPDPG
RLG
ZIRXGZZLBZBSFN
L
TENVVZYUBLLPDRZP
RUL
ZALGLJ
L
RWBSZLPFSV
BWLVM
ZL
FAIRRXHSLPLLWDCPG
THZLSP
JLU
RLZWLS
L
NDFZLPQTGJ
DRQLCOG
ZXLLZP
L
TPZNILRWIEIZJUARLOPZSSVBQIIM
JLG
BTNZLJ
RXLX
RZLP
GLL
RZOLQPWTSQVGJ
JLU
TZNLPU
KIORGL
ZL
CILBQVG
AHRFWQCZKSLZLPKTUSZPM
L
ZZGLPG
BRLGVT
TNZYTUELKHPBBDHGBJS
L
IRNZCLFZS
LLD
ZGLP
RLWYNG
NZJLVM
L
TRWHZZKOLPCSQ
L
GLZYNXILPLGZGJ
IRLC
BLZQLCPJYY
L
RZPLS
LSLUGGE
TZVUHLPB
ZRARHLLDWV
ZL
L
NYIRWXGFZGQKEALKPZQWSSCVIGJ
L
ZL
RL
TTDCZLKLPBRZNP
BLVADNG
RZLRS
L
IAFZLPUCVM
LIRL
ZIFLGJ
ZLL
TKDRWKZYIBUALTPDSPGQF
XLJ
QZZJLU
RHLWLG
ZMLP
L
BFAIRHZPLLKZHJKVTNSRZ
LUV
TNCEWZLKPGZJGJ
RL
ZL
LCQ
KRWZLPSAD
ZLXPLHG
ZL
IRNGLD
TLZULPXC
TLG
ZRNMZZIELQLSWDSUVVGJM
BLT
KHCZLNLPZP
RZCLBU
ZL
OLG
TIRWSZYXMPLOPZBGXSQIO
L
ZL
ARRLLT
GNLZJVLPGJ
LZV
CRZLS
L
TBOWZYULPJQYRS
SIRLYLWUCG
VZQLLDNPGZ
L
FRWYZLPSA
L
UZLLGJ
RL
THQIZPKYLPUVBM
LLK
LPIRXGZSLCZOS
HLPDG
ZLPG
BNRJLV
ZL
JXL
TANYRNSBWXZUASLKPIPLPKWVGRHSHVQZPGJJP
LG
ZLBN
ZNDFIRVLVG
ZLPZ
LQG
ERZLS
TLL
TZLLPI
RL
BQZLNJNGJY
NLU
IRZWTZGLPZBSKSI
L
HZWLLVVZOM
RXCLWG
TBZYULQPQT
L
RKZLS
L
NLYZELPEDBDPGGJW
FAIYRGEQLL
ZYXLUC
BBL
TRWKZLPRSXJQY
IJLCZVG
ZL
RL
TANZLLPAZP
L
IRSQFICZALZZTWUSCVGAJ
KLB
TZULVPNB
RL
ZL
FLPLDHG
BZRWYIZLPSJKVYSVSMYIM
VLG
ZL
IRIL
TNWZZJLKPLMGJE
L
ARWZLLKGSTZDZ
L
IZLP
RLXXLLWDXG
ZL
LVL
TKIRWWXGZYUKARLOPZSSQIXMS
BMLLUTM
ZWGLGJ
RL
ZLPZ
L
DRZHLTSPG
GLG
TLSZLLCPRZJYPY
IRUL
DZLVTM
ZLU
NYRWDCZZVCLPBBWSYVNGJ
L
BHZZLJ
ARJLZL
THZUHLPK
XLG
IRZZTPLZS
L
HQZYXMLPUR
ZROLVQ
TZCELPLVDGPZGJ
LXG
TRWKNZJGLGPSQ
L
ZL
BIRMGALWVKCRNG
ZULP
LLN
REZLS
L
TCNLIIZIYULKQPBHVEBGJM
RL
ZL
JLG
FRAITRWVVHZSLLPKDZSZIUOP
JLG
ZL
RCLCUO
TBWKZLPDJQPGYN
NLB
KORHYZLWSVAGJ
HXZILLV
ZALP
IRHL
ZL
ELDJG
TSRWAZUJALPUZSCQX
L
KZLLZT
RL
NNZPLFPUGJ
BKL
ZNIRGXGIZGELZSSVM
L
TBNZLP
DALRXQLPLWVGGY
ZQZGLU
L
PRWZLPUSR
L
ZLCDGJ
IRLU
TENWQZYULLPARZPS
FLV
BRZYXLAJKVXSO
ULG
ZRLP
RL
LZLCBN
LLQ
TKNYIRWFSZELOKOHPPZLBWDSSCUVQIGJD
L
ZLQPQG
RL
IWZLPGZVME
SLUBG
ANRZZJOTLLKSZ
BFL
TZXUPLPP
IRGHKL
LZLNGJ
L
RWZTALZPS
BLLDU
ZL
ZRZIOWLWVG
TZGLPP
XLT
IRZVHLZGS
LNG
BQNSDZLPPLPJGTNNUZYGJP
RL
ZL
L
TKHRWQECZPYUALZPTUPSQ
JLDLG
GZJLVM
FAIRZLKLBF
ZILP
KLC
TRNZYLDWUSVGJ
L
TZALPD
BRZLVK
BZLLFZ
LGJ
DMIRWXGSZVBKLTPZDSPGI
LLV
ZL
RL
TNGLZYXUBMLKFPGHGJ
LLL
RJZLS
TLU
ZLPV
IRCOLGWCTG
BZLJXJ
L
TPZARWHIZSLLPKSRGSWVVBQZPDIMP
JL
ZYELGUDCGJ
RL
HZLP
HLG
KIRLZLZSX
KLPLPQG
TMDCZYULPBNS
RL
ZL
BLNVM
LNYRWKZSJLJCPWOSVVGJY
L
FQVZLLDUZM
IRGXELBX
TZZLTP
VLG
RZLRS
L
ZRLP
ARNCLL
LFYZILQPVGGYJM
L
TJBIRWYZUARLOPZHJKVQSRQIYCR
L
ZL
RPLVLWDG
HZZLLZPCZP
L
RRZLS
L
TNZZQGTLXKPSGJ
ZNIRCYALUV
ZL
PLL
RWZPALPSL
BTCLBNG
WZYXLG
DSRLUG
TKHZZYULNP
L
FAIRBXXHHGPFZQALPLKZQWGSCVZGJ
NLC
UIZZJLPLVM
RL
ZL
GLG
TRRDWZLPLSQTQ
LLR
BNZJLJ
IRLI
NHSQIZERLPBUDGJD
L
RZJLS
GLV
TNKJZIUQLLPDRNPGZP
RLCWGT
ZL
L
IRWZOLQPZTSLQTI
XJL
ZQILGJ
BRARPLLDVT
TZMLPK
L
ZRZZLBBSQSVNM
RLG
ZLPZ
IRGLJY
KZLLAZ
VLU
TKHNYRWWZYTUALKPPWBHSSHMVQGJS
XLG
LZLC
RL
BSAZLPUJCY
LMHILPLDVPG
IRZLVZYSN
ZLG
TTZSLP
RL
UZALGJ
L
ARWZYNXIMPSLLPKXSZOBP
L
ZL
NIRJULWCMG
TLCIZUWLPVBOM
BLU
DRQCZLTTUSPGE
CLL
NZZTTLQPGJ
RL
ZL
HLB
TIYRWUWXGZGQKELOPZSQI
LLG
FYZLLZ
ZKORLV
ZCLP
L
BQRZELLAWJDKVSKUNVGUJ
L
TTNZYULPAJ
FAPIRSLLCO
ZL
LLXLSGG
RWZIFBLPS
LUX
NZLFVM
RL
TFNSVVZUBLKPILPDGRZGJP
LUQ
IRHZHLZSL
BLZ
KZLP
RBSLWG
ZL
ELL
TRWEWZUALNPGZSTQD
LCV
HZLSGJ
IRGJLG
DZLPBDPUGN
L
ARZTZGLLKHSKZ
FLDTG
TBHQZPMLPUJQYL
RL
ZZYJXL
L
ZNCNYIRNWIUZFIZIJLQPZSWSSCVVIIGJM
KLL
ZL
RL
TLZYULCPNJYS
RLG
RZOLS
L
ZLLPRXJOZP
BDWIRVLVRG
ZNLGJU
LLV
TGRWZJVLZPPSQ
L
ZL
ARSXCKLPLWUGAM
BZLP
L
SIRXGLZLZUZSC
L
TKNZUCELKHPVBDHGBJ
RZXLBX
BHZLLJYTNVVMZM
L
RWUZBLPLS
GLG
KHZLPG
IRBL
TZALPN
LLDGZ
RHZZKOLPWSVGJ
L
GZLP
ZRNLDV
QZLQUQ
BQJLCNG
TKFAEIRNWHZYUZASRLOLPKZVRSQZIPXUP
L
ZL
RL
NGZVHLPBGJ
ZJL
RZLQS
QHLLG
TCIZYXZMLPGVBM
IRGSEALKLWDCG
ZL
L
BRWYZLPUNJKVSYY
L
TCZCLKPLBGZNGJ
RL
TKZKULPT
LUN
IRZXCLZSP
FIYLUVG
ZJLP
ARTPLL
ZL
L
TDNLYRYWKZBVLKPTPEDWSPGVQGYFJ
BLL
ZL
IRGL
KNZJLLPEZP
MLG
ZLRZSLCZSOSVM
NXL
TWQZYULPJS
RL
CWZELGDJGJ
ELL
HIRWQXGCZAKHLZZPZTUSI
L
BDZLJT
KRLWDG
TLZLQP
FWLVG
RARVZLLKDHSZO
LBJ
NLZLPXXCGJ
IRLD
ZL
L
TNRWZZJUTALPLSQVE
KCLPLAG
ZL
BROLVQ
ZIZGLPSVJM
L
IRSFGLZXYXLZBWXSCVGOJ
HLU
TZBAZJLLPURCZP
RL
TNZLPG
LJLDG
RWZCWGLPS
HLC
ZL
FZNAIRHGGQLLWV
TBQONDZYQULKPJBHQNYGRJ
L
RZGLS
L
SZLP
FRLWAG
ZLLUZR
L
TZIRWDCZZVLOPBZBSFQNI
L
SQIZIKYLQUVGJM
DRLGGT
UZLP
BXILLAT
RXZLS
LGG
TBZULPFV
ZIRL
ZL
L
ANYRRSBTWXZESLPOLPKLBWDGSUVPZGJJP
ILV
ZL
RL
TLZWLP
LZG
BIRMXGZGELZHJKVSR
JOLLD
LZQLCPDPGY
SRCLUU
ZLLIGJ
L
TKPZLRWIIEZYUALPSSSVBQIMS
L
ZTLZLZ
IRZLXBWCKG
ZYXMLP
JLB
RZJLS
BFL
TNBZLKQPPQTGJ
ARVLLG
ZL
ULV
KIORHYWZLNPZSI
LLVDGGW
ZL
RL
THNFQZPULLPUPRZPM
L
REKZLWSXJVYGJ
L
BWZLPGJZY
IRRGLT
ZZTLVM
ANLPLUG
TRWNZCLFPSQU
L
ZL
RXLCOX
NZLVPNBGJ
L
FDMAIRHZVQLLTKZVSNPGZ
L
THZYZULPC
BZRZILWVKVSNMG
ZLBUCN
XLU
RWZLPCDS
JLL
WZZJELDMGJ
IRLK
TZPLP
L
RZULS
ILG
HIVVZLLPDGVVZMP
RL
BGZJLJ
LGT
TNYIRWWXGFZUKAARLOKPPZQWSHSCHVQIGMJD
L
ZZYGXL
AKRLLX
ZLP
LZG
RQCZLTUSB
HLV
TZLPR
IRTL
LSZJLPJLCGZGJY
BLL
LRWZLPSN
LGQ
ZL
RCZLBLWDYG
TWKZYIULPDPGS
LRL
ZNIRIZOWLZSSVOM
L
NHZHLPKGJ
RL
ZL
KLU
TBARWYZPSLPLPKJKVRTNQSQZPYCP
SLXLURG
ZL
IYRGEL
ZLP
LVU
RNZJGLGWSLVGJ
RLL
TKZULPA
DNRJLG
ZL
ULG
ITRWNZYLPZDASI
BLN
ZALLZL
RL
TCNMIZIELKQHPBDVEBGJM
LCJ
RZLSJ
L
HQDZLPBUN
FFRAITRXHLPLDWCG
ZL
L
TKRWZYYXUBAMPLPGXSQO
ZL
BQLWYZLJPNGGNJ
ZRHKLV
DZLLPQTZP
L
IROXGWZLZGSTD
ALG
TCZLP
RL
ZL
JLL
SNYRWAZYLPGWUZSCVXGJ
L
ZVHLVM
BIRCAMLUVR
TFYZULP
NPLDG
ARZKOLQLKTSQZ
BLG
ZLP
RL
BNZLGJ
TXL
TLPIRWKZSLOCPZOSQIJY
HLKLBQV
ZL
PRLWUG
BZZJLPLJY
L
RZVLS
L
TENNSZYTULKPILPABGRHZGJPS
IRGJLZ
KHQZLU
L
ZDFRWIZBLTPDSSPVGIYM
RLG
ZL
ARLLYN
TEZLP
BGL
KIRFSZCPELVZLWDSCUVGJ
L
ZLP
RL
VZYNXILLDZ
CILGVGE
TRZWTZQGUALPSKSQ
NLU
ZL
IRLN
NZXPLPGPJ
QLLUGEM
BRTZZLBBJKVSN
JLC
TKZLP
RALZWG
LZLXVM
L
FAIRWXHGPZGQKEQSLLPKZSZIUP
L
ZGLPGJ
RL
TZYULPRXJ
L
RZGLS
BLPLADTNPUG
ZLP
ZNIRXZLBXV
HZZLPG
JLQ
TNHYRSWQEICZPLKZPPTWUSVQGAJD
L
ZIFLLZ
RL
ZLP
ILG
IRKZLCZST
L
TBLIZULPJYQVBMYRM
ARHLLL
ZALDGJ
LBT
RWZQILPS
L
LZLCUC
DLIRGSVALWCGGY
TEWZLLPGRZZZP
L
RRZLS
YWLUV
NGLZYXEMLFPBDGJ
BKORLV
ZL
ZLLDH
TKHIRWWQZYUARLOPZSSQIXS
LVG
ZL
RL
ZLP
L
ZALRNBXHZZILPQLKSWGSWVVVZDGJM
L
TKZHLPDPG
IRLQ
BNZLFJ
HLG
RWUZALPS
OLL
TQNZLU
RL
TNMDCCZUCLKPBHNGJ
LIV
NIRXGZZJTULZS
VXL
GZJVLLPZP
RJLCLWDOVG
ZL
BLC
TRWZZTTPLPSQ
KLG
ZZLTGJ
FASIRBLLLU
IZLQPVQTM
L
RZLLS
RLG
TKNZYJULP
RCLGUT
UZLLLZ
L
JBQNYIRDWYFZLPZHWJKVSSKCRNVIYGUJ
L
ZL
ZRLVJY
TEZLP
HLPPLZG
DRZYXLSTXSPGO
L
ZLP
IRGZELBF
ZZGETLXDGJ
L
TRARNWVVZUBASLLPKDVRSQZPOP
BLL
ZLVVNM
RPLWGL
LHQZLCPUY
L
IRBSZLZFS
LLQ
TKNHZZLKNPAGJ
RL
ZL
FLG
RWHZLSPS
UIJLVMG
BZLLNJTNZY
IRLL
TAZYUJLPUCS
XLX
RRDFZLLWSTVGJ
L
ZLP
ARXCLL
ZL
SRLVUDG
TPZNIRWWIGXGIZJKLOPZSSVBQIIM
L
WZLBGN
BRNLDV
NLSYJZQLPLPEDGNPGZGJP
L
RRZLS
L
TZULPUR
IROLPWCLQG
ZL
HSLLCZV
RWZNLPSU
L
ZMLKGJ
RL
TBZYXMLPAJGQY
L
FAIRFQHCZAKLZLKZTUSZM
LZG
ZLP
DRZLKG
HZHLVM
L
TKNYRWZYUEALKOHPPLBWBDHSUHMVQGBJ
LLDH
ZL
IRNGCL
ZLP
BSYLUNG
RZGLS
JLB
TZZJOLLPLRZPE
ZRJLGV
TZSLGJ
L
IRWHZZKOLPZCSI
LUT
ZLPXGJ
ARXLXXILPLWXGB
TZUTLZP
L
BLRZSQLCJKVOS
KLG
CNCIZIWLQPVOGJM
IRPL
ZWGLLZ
L
TRWZVHLPGBSQ
TLQDG
ZL
RL
ZLP
GLL
IYRUXGFZGEALKZQWSCVGJ
BFWLVMG
THWQZPYULPUPS
RL
ZL
CLG
ARTWDZZVSLKLPKBBSZNP
L
ZYXLQQ
IRLR
TNTNZLKPAUJGJ
L
ZSRFZLSUZSCVM
XLL
BZZGLPJSY
RFBLWG
ZL
L
TDMIRWKZVIBUARLOTPZDSPGQIF
LCT
FTVZUELPLDDGPZGJ
NRCJLU
ZLP
BLV
RZMLS
KLG
TJZLP
BFAIRMGQPLLVTR
ZL
L
NYRWCWZLNPGWZSJVTGDJ
XLN
ZL
RL
TELNIHIZYULLPRGVVBZMP
LCLBUGG
KIRZLZSAD
L
ZLP
RL
BQSQIZMLUJNGJL
JLL
TKRLWZLPSXCQ
L
ZL
ZNIRMUZSILLWDCVG
ZLP
L
KAORHYCZLLKSZ
HLU
TLNZUJLKJCPNHJGJY
RL
NZJLPG
BIL
IRWSXGZYXKMPLPZBXSIO
ELPLJOG
ZXLVPM
RL
TZLRP
BLU
GRLZJLZPWSVGJ
ZLQ
NZLFLPZUP
CIRL
ZZJLBN
BLG
TBKORWYZYUALPJKVQSSQYCRS
GLV
ZL
RDARQLLDVG
KNZCELPVBDGJ
NLG
FIRYZLZSA
L
TRZLP
RBLLWG
ZLLCDZ
HXL
ZHRWQICZKYLZPTSUSVIM
BUL
ZALNGJ
PIRGELCO
TZUALPL
ULL
RZLSG
GLG
AZLPDUCPG
RL
ZL
LVD
TFANYIRSBWXHHFZZSLOKPIPLPKZWGRSSCVQZIPGJUJPD
L
BZZTLJ
RZLB
ZLP
GVLDG
RZLZS
LLUBM
TDZYULPQT
EIRL
CGLZIYXZLQVGJM
L
RWZLLPIS
LUG
LZLLNZ
BRLUNWVKNG
TZJLP
KJL
IRZTXGZGLZBSK
L
NKZKLPGJT
ZARHOWLLWV
LWZLCG
L
TRBWZUOALQPTSQQT
JLG
QHZZLU
IRKL
BVVZLPLPDJTNZYP
L
DLRYZEVLTLWDSUPGVGYJW
L
TIDCZLPBQVBNM
SRXLUX
ZL
JLPLELG
IRWKZLPRZSXJYI
L
ZL
RL
TNWQZYTULKPBJHGJS
BHL
ATRANZYLLKDSZ
ZLV
ZLP
IRSGCAHALWUCGA
ZL
LZG
TRWZLVPYSNQB
LLJ
LZLQGJ
RL
ZLP
JLC
BZNIRIZLZHSJKVYSRVSMM
LXDXG
TNZYNXUBIMLLPGRZP
RL
ZL
L
NYNRWWZZJTLPLWSMVVGJ
NLB
ZL
FAIROLLGTZ
THQKZPLPDUPGE
ZILXVJG
RIZLS
BLU
ZLP
RL
ZBZYLPLGUGCZGJ
L
TKIRWWXGZYGQUKEARLOPZSQIXM
L
ZL
RCGLWG
KHIZLNPVM
KLLDQ
RZLSZ
XXL
TBQNDZQELKHPBAJDQNYGJ
DIRVHLG
ZL
KLU
LARWKSZSSLLCPKOSZYPY
SLG
ZL
ZRRLVT
TZIUFLP
L
ZIRFCZZCLBZBWSCFYVNGJ
VLL
ZLP
BRHKLV
ZL
ULG
TRWHZHLPSKLQ
L
FHZQLLNVPVGZYM
IRGTPL
NBZLPFVGJ
L
RQCZYXLTUXSRO
NJL
TEWZYULPGZS
ARRXPLPLVLWDPG
BZVHLJ
LUJ
IRWKNZJGLGPZSI
LKV
LZWLGJ
RL
TZZQGLLPHRSZP
L
RZULS
LQJLCGG
ZLP
IREL
ZL
BTLKLBT
TPZCNYLRNWIEZZIUALKQPPSWHSHVEBVQIGJM
FLU
ZL
RL
ZLP
LXLG
FRAITRXVHGPZQLLKDZSZO
L
TZOLP
RL
ZELQPDQGJ
TLV
BDWRWYZBLTPDJKVSPGYN
GLL
ZL
KIORLWCAG
TGZYUJVLP
L
RZALS
L
NHSFSQIZLPLPUGZGJPDM
RL
ZWLVOM
L
TSIRWALZJLOPZUZSCQIX
BCLGNG
LZZJLC
ARLLCT
DZYXMLPBN
LGL
RNZPCLFWSVGJ
L
TUZULPL
ZNIYRGGELV
ZQILLZ
LDNG
RBWNZLPS
L
BLZLJX
RZCLUK
TNHZZLPKPCGJ
RLL
PIRZLZUSR
L
TINZLPAVM
RLWCG
DZLPGT
L
TKHAERNWWZYUASLLPKAVRSSQZPPS
L
ZPLGJ
BIRXLABVXR
ZLP
L
RZRLS
FLHILPLDVG
TZLPQ
RZLCBO
QZLUXJ
L
KNYIRWXGFSZKEALOPZLBQWDSSCUVIGJ
JLU
UZALLZ
DROLQG
TBZULPNJQYRY
LG
ZRWZLGSSVTDME
L
ZLP
FANIRJOULL
ZLRGJ
L
TRWZXCPLPSQP
L
KHZYXL
LRLWG
ZZTTLLPZP
BYMLUVM
IRZTALZZS
L
TNLYKZYIULKPEDBHPGGJ
RL
ZL
LLL
RWZGLPSP
HLDG
ZZGLBN
IRGVLG
TLIZLCPZVBJMY
L
BQARBXZPLPLKWJKGVTNSKNVUZGUJ
L
ZLP
RL
ZL
LG
THIRWQECZPAUARLZOZPZTUPSQI
XIQLSLG
ZLUC
ZRJLZV
KNZLPAGJ
L
RZILS
BLI
TVVZBLLPDRHZP
IRNLDWUCG
ZL
HLG
RWZALPSD
L
MZICELQVDVGJM
ARBSLL
TZZYJULPLSE
L
DMIRXGSZVGELTZSPG
SCLBUG
BZLQPJQTY
RL
HZLSLZ
NLC
TNYRWGLZXYXMPLKPFPWGXSVQGOJ
LNV
ZL
IRJL
ZLP
FLPLTG
RZLSV
L
TZUWGLP
BRLVJY
CZLGJ
FLG
FZNAIRWHIHIZJSLLPKZSGSWVVZIDIUMP
KZL
QNZJLU
SRYLLWUDG
TZGLP
L
RHZLS
RLL
FNYZLPGJ
KIRGLX
BZLVJN
XWZLV
TKMRWDCZZVYUALPBBSQN
LG
ZNLLZU
RL
WZLPDGZPG
L
LPIRFZSJLJCZWOSCVVGJ
L
TXZLP
RARCKLLDUM
KZLVMT
BJLNMG
ZRWZLTPS
L
ZL
IRLR
TNNSTZUELKPIHLPBDGRHPZGBJP
L
RZRLS
L
ZLP
ZDLFRZILWVGGY
TNZYXL
GLL
TJBIRWWYMXGZKLOPZHJKVQSRQIYC
LQ
EZLGJ
RL
HQAZLPUUC
TLB
ARHZZKOLLZKSZ
LG
TLIWIQZYULPVBMS
RIRL
ZL
L
NYRZWTZGTLXPWSKSVGJ
BSQLLCT
GZJLPG
RL
TZJLP
XLDG
IRZPALZSL
LQV
ZVHLLPBZP
RXLGXT
KZLGJ
LUU
TKORHYWZZUALNPSQ
L
BHZHLJ
FAIRXHGEQALPLKWCG
ZLP
L
ZNRUZZJTLSSVM
LLG
TNEZLKPRXJGJ
RL
TVZLKLDBZN
L
IRRDWZLPZLSQTI
LG
ZL
BRJLGV
TNZYULFPU
HBFLLUV
RSQICZERLLTWUDSUVGAJ
L
LZYXMLCPY
IRJL
ZL
LG
TDARWKJZBQSLLTPKDVRSNPGQZPFP
L
ZL
RL
BQCNDIZILQPJYVNMYGJM
L
IRXGZOLQZTSLQ
MLL
TZULPCD
RILWG
ZL
ZNL
RWZMLPSK
LZU
CWZLPLGGJZGJZ
ZNIRZLBQFV
TZULP
BWLNG
RZLSZ
LXLVDG
ZLP
KARLLD
ZL
L
TKNYIRWFZYTUARLOKPPZWBSHSSCHMVQIGXJSD
HJL
BZLFVM
RLCO
LZLLPXCZP
LG
BSSRZLUJKVZSC
L
THQZPLPUB
IRGLYN
LYZHLPGGJ
KCLLD
RWTZSLPS
LLV
ZL
RULWG
TLZULPN
L
FAIRSHZYNXILLKZBXSZOB
BBL
NDCZCELPBBDNGJ
RL
ZL
L
TPZRCWIZOWLPSSVBQOIM
LJLPLG
ZL
DIRCVALUGE
ZLP
L
RZZTPLQWSVGJ
LGJ
TBOENZYULPLPJRTNQZYRP
RL
LZZGLC
ILPVQG
IYRUWXGZGQKELPZSI
L
ZL
FARLLA
TNKNZJLKPLGJ
XLT
RZCLS
LUT
ZZJLPDLPG
BIRSLLAWDVKCRNG
FQHZKYLLUVVZMM
L
TTRWNZYUALPDASJQ
VLB
EZLGJ
RL
ZLP
LLG
IRZIFBLZS
LG
TZLPJ
ZRNCLV
BZXLJP
L
FRANYRSBWXVVZUSLPLPKDWGSVZGJOJP
GLG
ZL
IRHGLL
TWZYYXUBMLPGS
SJLCUG
RKZLS
LLZ
IHZZLPCVM
RL
KHZELDAGJ
BGL
TIRWOEWZLONPZGZSTQID
L
ZLLLIZ
RHLWG
ZLP
L
DRZZLTBBSPUGN
PLV
TNAZYUJLKPGUHCGJ
FAIRZLLHBK
ZL
L
BHRWYQCZMLZPTUJKVSYL
LG
ZL
NRJXLX
TBZKLQLPRQZTP
L
ZNIRNGUXZGFIZIALQZQSWSCVVGJM
L
ZLP
RL
ZL
LQLPLDGPGW
TKLRWKZYSUALCPNOSQJY
BLD
ZL
IROL
NZLPUGRJ
LRV
ARKZLLKSXJYOZ
LUL
TZVLP
RLWGU
ZL
LBX
GIRWZJVLZPPZSI
ANLLD
BQGLZYXLAJNGJ
RL
TFLIKZIULPDPVBGYM
JLG
BRZLS
LG
ZLVLPNZBP
SIRGLELU
ZL
L
TKNYRWZCPELKOHPPVLBWDSUVQGJ
L
DQZLUT
BZARHPLLVTWVSM
ZLP
LG
IRUZBLZLS
TLC
TZZQYGULPSS
KDORLG
WZZJOLPLGMZGJ
L
RWZALPNS
BXL
KZLVAM
IRHKLPWCG
TBDTCZLPBJQNY
ILL
RGZLS
L
NZTLZPGJ
RCOLUQ
ZL
L
TFAIRNWWXHGPZUKQZASRLOLPKZVRSQZIPUMP
MIWLDVG
NZLFPG
RL
ZLP
BZL
RGZVHLWGSVGJ
LLZ
TZGLP
IRLQ
WZLGUC
LG
ZRCWIZYXZMPLPSXSVIOM
L
LSVZLLCDZY
RL
TNHSQIZPYULKPUBPHGJD
L
BIRZLZHUNJKVSRY
LCG
ZLP
ARXCZLKPLBWYG
ZL
CLV
TRWKZKLPCSQT
L
TNZELUDGJ
IRGXCL
HZHLLPKZP
JLJ
RZJLS
BZLXNG
TZQUILP
RL
FYZLVM
XILLURM
DMNLYIRYWFZVBVLTPZEDWSSCPGVIGYJ
L
ZL
RL
TRZLP
LG
ARNZJGLGLKESZ
L
BKHZLNPJY
ZNPIRLCZOV
JZLGJ
JLU
TKHRWWQZYUALPJSSQS
ULL
ZLQBQN
RCLLGWDTG
ZLP
LLG
IRQXGCZGAEHLZZTUS
L
TCNLSHIZILKPQILPGRGVVEBZGJMP
BRRLVT
HZYZXL
L
RWLZLQPS
LG
ZL
FRAITRLLDH
TUZAULP
L
KRLZLXWSXVGJ
ELV
ZLP
RL
BWZQLLJTNNPGZN
LG
TNIRWZZJTULOPZLSQVIE
FLU
ZL
RL
LNZEJLJCPBDGJY
ALL
ZRZTZGLSSKVJM
LBN
TZYZTTULP
IRGLXXALBWXCG
ZL
BLK
ASRWZBAZSLLPKUZSCZXP
L
ZLRGJ
DRNLDG
TZLLP
KLV
IRZCWGLZS
NPLPLG
HQWZLPGUZ
RL
ZL
L
TBQNYRDWYZQUALKPPWJKVHQSKHNVQYGCRUJ
L
BNZLLZ
IRGL
IZLPRVXJM
LVDG
SRZLS
KLQ
TKZYXMLSPDGPG
PARLLU
RZLGJ
VLC
ZIRWDXGZZVKLPBZBSFNI
BTL
ZL
ZRSZCIYLWUVGA
TENVVZYUBLLPDARZPS
L
RUZLS
JJL
NZALPGLJ
IRXL
ZL
RLL
TRWBSZLPFSQV
LYLUGG
BZWLJYVMOM
RL
ZLP
ZHL
FKAIRRBTXHHFSZELPLKZLWDGSCUVPZGJ
KXL
THZULSP
RL
GQZJLU
LG
RWLZWLPS
HLLGVZE
ZL
BIYRMGELVR
TNDFZLKPQTGJ
HLB
DLRZQSLTCOSPG
L
ZXPLLPZPP
RLWIG
ZL
L
TKPZNILRWIIEIZJYUARLOPZSSVBQIIXM
L
ZJLGJ
ARALZL
BTNZLPAJY
LLU
RZYXLXSO
LDGT
TRZLP
IRJL
ZGLLPZ
FHLVG
NYRWZOLQPPWTSQVTGJ
L
ZZJLUC
RL
TZNULPU
FBLPLDTNUG
KIORHYXGZLZS
L
ZLP
RL
CZICLQBQVNGJM
L
TAHRFWQECZPKSLZLPKTURSQZPPM
LCX
ZL
IRELWCJYG
ZZGLPDSPG
FXL
BRWZLGJKVSTD
ILL
TNWZYTUELKHPBBDHGBJS
ZRTPLV
ZL
L
IRWNZCLFPZSIU
LG
ZALLDZ
RL
TZGLP
L
RZLVWYSNVGJ
BMLNU
IKNZJLPVM
FDAIRGSVQQLLVG
ZL
LG
TRWHZZUKOALPCSQ
L
ZL
SRZLBU
NSGLZYNXIMLPLFPGZGJP
L
IRZLZCDS
ELV
TBLZQLCPJQYJY
NRJLLWDMG
ZL
LLV
RWZPLPS
L
LYSQIZLUPGGJE
IRUL
TZYVUHLPB
NLQ
ZRARHVZLLKDSSWVVZDOM
LG
ZLP
BRJLZV
ZL
LGT
TNYIRWWXGFZGQKEALOKPKPZQWSSCVQIGJD
HLL
ZL
RZXLXK
ZLP
KILVAG
RZLS
ILG
TMNTDCZULKLPBRZNP
IRCALUB
BQZCELVAJDNGJ
L
RWZLPRS
L
ZL
ARXSJLPLCWOVG
TIAFZJLPUCVBM
L
LIRZLZSN
L
NZIFLPGJ
RL
ZZLLTZ
BLN
TKDRWKZYIBUALTPDSSPGQFS
LG
ZYXLXJ
ZNIRGGOWLV
HQZZJLPLU
RLL
RHZHLWSVLGJ
L
TZMLP
RL
ZL
BLDG
JBFAIRWYHZPSLPLPKZHJKVTNSRZIYUP
XLB
ZLUVRM
RL
TNCEWZULKPGZHJGJ
ULG
RZLS
HLLZD
ZLP
IRJLGWCLG
LZLQCQ
GLU
TKRWZLPSADQ
BXZLAVM
ZZGTLXPLHGZGJ
RL
ZLP
NLU
ITRNXGZYLZDS
LG
TLZYULPXC
ARPLLL
ZZTLPG
L
ZCNYRNWMIZZIELOQPLBSWDSUVVIGJM
L
BKZLJT
IRLJ
TKHZCZLNLPRZP
LG
RQZCZLBBTUSN
L
ZLP
RL
ZOLGJ
UHJOLLV
TIRWSZYXUBAMPRLOPZBGXSQIO
L
ZL
BDLWRLWVKNGGY
ZLP
LCN
ARRDZLLKLSTZ
L
TGNLZJVLKPGJ
IROGELGT
ZTLZVM
L
CRWZLPS
SRLPLUDPGM
ZL
RL
TBOWQZYULPJQYRS
L
SIRFLZYLZGWUZSCCVGJ
L
VJVZQLLPDDNPGZP
ZRVLGV
ZL
CLXLBG
TFRWYZLPSAQ
ZLJ
ZL
FAIRKOLLLQ
NUZLPLGJ
BLQ
RZLS
L
THLQIZPKYULPUPVBM
RBLWG
ZMLLKZ
L
LPIRWKXGZSKLCPZOSIY
HLG
HZZELPDGJ
RL
TZLPG
LLZ
BNRZZJTLJKVS
NILUVG
ZLP
IRVL
NZYJXL
L
TKAENYRNSBWXZYUASLKPIPLPKWVBGRHSHMVQZPGJJP
L
WZLG
KORCLU
DZLPBN
LG
ZNDMFIRIZVLTZSSPVGYM
BSBLLUT
TZLPZ
RL
ZLQGJ
L
ERWZLPS
L
TZSLLZ
IRGSPALVLWDCG
TZULLPI
JLV
RZLS
HLC
BQNDZLPNJNYGJY
RARXILLDXB
QNZLFU
LGU
TIRZWTZQGLOPZBSKSQI
LG
ZL
RL
CHIZWLLPGVVZOMP
L
RZXCLWSVGPJ
L
TBZYULQPQTS
BIRTZLBVFR
ZL
TLQPLG
RWKZLPS
JLT
ZL
ZKRLXV
TNLYKZELKHPEDBDPGGJW
LUC
FAIYRUXHGPZGEQLLKZSZ
JLG
AZYXMLPUC
RGLWG
BBZLJF
L
TRWKZUALPRSXJQY
CLL
LZIJLQJCZVGJM
IRGL
ZLP
L
RZLS
LG
TTANZLLPARJZP
DRHKLG
ZL
BLL
NHYIRSWQFICZALZZPZTWUSSCVIGAJD
LRV
KHZLBN
ARFBLL
TZYULVPNB
KLDG
RZLS
XLU
ZLP
IRGLCT
FVZULPLDGHZGJ
ZJL
TBPZRWYIZLPSJKVYQSVSBMQYICM
L
ZVHLPG
RLWDG
ZLP
KLL
IRZQILZS
LLU
TNWZZJULKPLHMGJE
SRLCUO
ZL
RLV
ARWWZSLNLPKGZSTZDZP
BLPNQG
ZL
IRRL
TIZLP
L
RGLZXYXELLWDXSUVGOJ
QLKLBUG
ZLP
RL
ZALVLM
LG
TKHIRWWWXGZYUKARLOPZSSQIXMS
L
BFQZMLLUJTNZLM
RL
NZWGLPGJ
L
RZLS
L
TZLPZ
FZNALIRXHUZHILPLWCWVG
ZL
L
DRWZBHLTPDSPG
L
ZGLGJ
BRNCLV
TLNSZULLCPNRZJYPY
XLZ
IRUZALZS
FLDG
DIZLPQVTM
RNCLDU
ZZGLUC
LLDJO
TNYRWDCCZZVCLKPPBBWSYVQNGJ
KL
ZL
NIRGJEUL
BHZZLPJCY
LCLGGG
GARZJLZPLKSZ
JLV
THZYUHLPK
RL
XZLGJ
L
IRWZZTTPLPZSI
BLL
ZL
ZRLWG
THQZPYXMLPUGR
BPL
ZRZOLQSTSVQM
L
KNSTZCELPLPVBDGPZGJP
IRLL
LZLXPG
XLC
TRWKNZJGUALGPSQ
LG
ZL
ARBLLL
ZLP
WLBQV
BQIRMXGFZALZHQWJKVSKCRNVGUJ
L
TZULP
RL
ZALLNZ
SYLUUG
RWEZLPS
L
ZL
DIRVXLSBXG
TCNLIIZIYTULKQPBHVEBGJMS
GLL
RZLS
BLR
ZLP
RZLXLWDKG
WZZJLG
L
TFRAITRWVVHZZBSLOLPKDZRSQZIPUOP
L
ZJLGJ
ZRLYVN
ZLP
L
LRQCZSLCTUOS
GVLPLG
TBWKZIULPDJQPGYRN
IRBSGL
TNZLBN
L
KNYORHYWZLNPWSVAGJ
L
CHZYNXZILLVVZM
RL
TZALP
LG
IRHZLSZS
L
ZLP
BARPLLUNVT
EZELDXJGJ
HLQ
TKSRWAZYUJALPUZSCQX
FYLUVGE
ZL
IRRFLWCTG
KZKLLPZPT
L
RZLS
L
TNNZPLFKPUGJ
RL
BKZLJA
JLL
ZNIRWIGXGIZJGQKELPZSSVIIM
LXJLCG
ZL
RZLBGT
TBNZULP
JJL
DALRBYXZQVLPLTKWGVSNPGVZGYJ
L
HZQZGLPUS
IRRL
ZL
BMILADVNMG
TPRWZLPUSQR
JLLDE
ZL
RL
NZLPCDGJ
L
IRZNLZSU
L
TENWQZYULLPAJRZPS
RLWKG
ZIFLVM
LIG
BRWYZYXMPLPAJKVXSYO
TLU
ZULGJ
FAIRGCAKQHLLUM
TZRLP
L
RZLS
LG
LDZLCPBNY
ZRHLVL
LZLLQZ
KNL
TKNYIRWFSZUEARLOKOHPPZLBWDSHSCUHVQIGBJD
BCL
ZL
RL
ZLQPDPQGT
LPLXXG
RZLS
L
TIEWZLPGZVBME
IRGL
SQIZLUBGJ
XLL
ANRWZZJOTSLLPKLSVZP
L
BFYZLJ
RTLWG
TZYXUPLPP
L
IRXGHZZKOLZS
ZHLLHVJ
LNZLPNGJ
DRLGJY
ZL
L
TRWZTALZPSQ
CLVBDG
ZBVZLLDUCZ
BPIRQLCVOR
ZLP
ILU
ZRNZZIOWLQSWSVVOGJM
L
TZUGLPP
ARCGLL
DZYXLT
LG
IRWZVHLPZGBSI
L
ZLVPNG
RL
TBQNSDZQLPKPILPJGRTNQNUZYGJP
OLV
RZLS
L
ZLP
IYRGEALKWCG
ZL
SLL
TKHRWQECZPYUALZPTUPSSQS
NLG
NZJELDLGJ
RL
GIZJVLPVM
BEL
FZAIRTHZZLKLKBZBSFZN
LJLGMG
TZILP
RXOLXQ
KLHZLC
L
NYTRWNZYLPDAWUSVGJ
ULL
ZL
ZNSIRLFLUV
TZAULPD
LG
BRZTZGLJKVSK
ULU
BZLLPFZVP
RL
ZLGJJ
L
TDMIRWWKXGSZVBKLOTPZDSPGQIF
L
UZLLVM
FRARRXLPLDLWDPG
ZLP
L
RZLS
BKL
TNGLZYYXUBMLKFPBGHGJ
IRML
LZWLLZ
LBT
RWJZLPS
HILPVG
QZZTLU
RL
TZLPV
SQQLLCG
IRCOWFZLZGWSCJVTGDJ
L
BZLPRJXJY
RL
ZL
LG
TPZALRNWHIEZUASLLPKSVRGSWVVBQZPDIMP
L
ZZJL
KIRGLD
NAZYELPGBUDCGJ
L
RZLS
XILL
THZLP
BRSCMLWUVKNGA
HZHLPG
LQV
KIRLWZLPZSXCI
L
ZKLPQLPGQZGJ
RL
TMWDCZYULPBNS
ZLT
RZLS
LG
ZLP
FKAIORCLL
BZLNJYVMMY
L
TLNYRWKZSJLKJPCPWOSVQVJGJY
NL
ZL
DRJLGG
HFQVVZLLPDUZPM
LUDG
IRSXGZYGXELZBXSO
L
TZZULTP
ZRXCLV
ZVLGJ
BLLGTZ
RWZLRPS
L
ZL
IRLJLZWCG
TZRLP
VLU
ARNZCLFLKSZ
L
CNLFYIZILQPEDPVGGYJM
NRZJLB
ZL
HLU
TJBKOIRWYZYUARLOPZHJKVQSRQIYXCR
LPLNG
ZL
RL
ZLP
XFL
RZCPELVLWDSUVGJ
WLCZV
THZZLLZPRCZP
FIRGLA
ZL
LG
RRWZLPS
BWHLG
ZL
ARLLC
TNZZQGUTLXKPHSGJ
L
ZNIRQICZKYALZZTSUSVM
LQJ
ZLP
RLNWG
ZPLLZ
L
TRWZPALPSQL
L
BQTCZCLBJNNGJ
IRLG
WZYXMLPGZ
HLLDHV
DSRZLTUZSCPG
LZDG
TKHZZYULNPS
RL
ZL
L
FANYIRSBWXXHHGPFZKQASLPLPKZQWGSSCVZIGJUJP
LUU
LTNZLC
BRTPLV
TUIZZJLPLVBME
LG
RZLS
LL
ZLP
IRLZ
ZGLGJ
BLG
TRRDWZUALPLSQTQ
L
ZLLRZ
ZRZLXIXZLWXVG
BKNZJLPJY
L
IRZLLZIS
BLB
TNHSQIZPERLKHPBUDGJD
LARLL
ZL
L
RWZJLPS
LG
ZWGLVM
IRZGELBK
TENKJZYIUQLLPDRNPGZP
BEL
RKZLCWSVGJT
LUX
ZLP
RLCGOT
ZL
HLPLG
TIRBWZOLOQPZTSLQQTI
GLV
GZYXJL
RHCKLU
NZQILPGJ
L
BRARVZPLLKDJKVTNSZO
L
TZMULPK
DLIRSVLLWDCGGYW
ZL
NJL
ZRWIDZZVLPBBSQSVNIM
LL
RZLGJ
RL
TZLPZ
L
IRKXGZLZSXJY
BKLNAG
KZLLPAZP
RL
QZVHLU
XLV
TKHNYRWWQZYTUALKPPWBHSSHMVQGJS
XLL
ZXLPGP
FAIRANLLD
LZLCPY
LG
RZLS
L
TBSAZJLPUJQCY
RL
LTMHZIELPQLDGVVPZGJM
L
IRWZLVPZYSNIB
L
ZWZGLG
RLQWG
TTZUSLP
LKLBUM
RZLS
GLG
NUZALPGJ
BZNIRGMGLVRVSM
ZL
L
TARWZYNXIMPSLLPKGRXSQZPOBP
LG
ZL
RL
ZLP
JLQ
NIRWFZZJTULZWSCMVGJ
LLDT
TLCIIZYUWLPVBOM
RL
BZLJUR
JLCVDG
DHRWQCZBLZTPDTUSPGE
L
CZLLZ
IRIL
TNZZTTLQKPGJ
L
RZLS
JLV
ZLP
ASRXBYLPLWUG
HZZLBN
BXLAN
TIYRWUWXGZGQUKEARLOPZSQIM
L
ZLLGJ
RL
FYZLLPZP
LDG
ZKORHYZLSSVM
SCLGUG
TZCLP
IRLZ
ZL
LL
BQNYRDWYZELOPLBAWJDKVSKUNVYGUJ
ZJL
ZL
RL
TTNZYULPAJS
EILVJG
FLAPIRSHZSLLCKZOSZY
L
ZLP
RL
LYGLZYXLSPGGJ
L
TRWZIFBLPSQ
BJOLLT
LQZLUX
IRGCZALBWCFYG
INZLFPVUM
L
RZLS
L
TFNNSVVZUUBLKPILPDGRHZGJP
RL
ZLQUCQ
L
IRWHZHLPZSKLI
LDGL
BZTLZJ
ZDAFRHQLLVWVG
TKZLP
L
RBSZLWFSVGJ
L
ZLP
IRCAXLBUXR
EZLLZ
LG
TKRWEWZYUALNPGZSTQD
LCT
ZLCDVM
BRVLVG
NHZLSPGJ
LL
IRXGNZJGLGZS
L
TDKCZLPBDPUGN
RLLWG
ZL
L
ARZWTZGSLLPKHSKSZP
ULV
DFZELDTGJ
IRUL
TBHQZPMULPUJPQYRL
KHL
RZLS
XLPLG
ZZYJXMLPL
RL
ZL
LUN
TPZNCNYIRNWIUZFIZIJLOKQPPZSWSSCVEBVQIIGJMD
ZLG
KZLLZ
RL
ZLP
BNLUNG
RZLS
L
TLWZYULCPNJYS
FRAITRGEQLLD
RZLGJ
YLUVB
RWZOLPS
KLB
ZL
ROLPLWDQG
TZLLPRRXJOZP
TLG
BDMWIRZVLTZHJKVSRPGN
XGL
NZNLPGJU
RL
LZLVNM
LL
TGRWZUJAVLZPPSQ
LG
ZL
IRAL
ZLP
L
ARBFSXQICZKLPLKTWUGSVZGAJM
BJL
TBZLP
ZROWLV
ZL
LZLXGG
SIRWXAGLZKLPZUZSCIX
LL
ZL
NRJLCO
TKNZYUCELKHPVBBDHGBJ
L
RZZYXLBBXSNO
L
BHIZLPLPJYTNGVVMZYMP
IRNPCLWCG
ZL
L
TRWUZBLPLSQ
LUI
ZGLGJ
ARILL
KHZLNPDPG
L
IRBNZLZS
IJLVLG
TZAULPN
BKRLVX
VWZLLDGZZ
L
NYRWHZZKOLPPWCSVGJ
L
ZL
PIRGLU
TGZLP
LXILPLDPG
ZTRNZYLDSSVM
L
HQZLQPUQT
DRRLGT
BQLZQJLJCJNGJ
FLB
TKFAEIRNWHZYUZASRLOLPKZAVRSSQZIPXUPS
HLU
ZL
RPLWG
ZLP
LVJ
RZLS
LL
TNGZVHLKPBGJ
IRRL
ZZZJGL
BLR
RWZLPQS
LG
ZQHLLNPGZ
RCLUJY
TLCIZYXUBZMLPGVBM
L
KIRXGFSZGEEALKZLQWDSCUVGJ
L
ZLP
ARULL
ZL
LG
TBRWYZLPUNJKVQSQYCY
L
ZL
ZNIROLGVTE
NSTDCZCLKPLPBGZNGJP
BLC
RZLS
LKG
TKZYKULPT
RLRWG
QZLVUN
JLLD
IRWZXCPLPZSIP
BRL
FZIYLQGUCVGJM
KORXLX
TZJLP
L
ARZZTPLLKSZ
FLDG
ZLP
IRGALZ
ZL
L
TDNLYRYWKZIBUAVLKPTPEDWHSHPGVQGYFJ
HKLLVQ
BZALJL
RL
ZLP
SJLUMG
IRZGLZSP
NHL
TKNZJLLPREZP
RZZLBK
ZMLGJ
L
ZLRWKIZSLCPZSOSVIMY
L
NZYXLF
BFAIRXHPLPLWVTKCRNUG
TWQZYULPJS
TLG
RZLS
L
NCWZELPBGDZJGJ
RL
EZLLZ
VLV
THIRWWQEXGCZPAKHLZOZPZTUSQI
LG
ZL
SRLU
BDZLPJQTY
LL
KRZLWSADVGJ
L
TLZULQP
IRIL
FZWLPVGOYM
LG
RARWVVZSLLPKDHSZOP
XLC
ZLBXJN
RL
TNLZLKPXXCGJ
BJL
IRZALZSD
SLLCUM
ZLP
ZRMZIPLVLWDVG
ZL
L
TKNRWZZYJUTALPLSQVE
L
KHCZLPLGAZGJ
DIYRGSVELG
ZLP
L
BRZOLQJKTVSQ
LG
TZIZQGLPSVBJM
ARHLL
ZL
L
NYIRWSFGLZXYXMPLFPZBWSXSCVIGOJ
VLG
HQZHLU
RL
TNZBAZUJLLPURCZP
LG
RZLS
BTLBQVM
TNZLPDAPG
IRLV
GLZEJLDGJ
LL
TRWZCWGLPSQ
L
LHZZLC
CRLWG
ZLP
L
FZNAIRHGXHGPIZQLLKZSSWVVZDM
L
TBQONDZYQTULKPJBHQNYGRJS
RCJLGU
ZL
LXL
RWZGLPS
FLQLPLDGG
ZL
IRHL
TSZLP
GLV
FRYZLWSAVGJ
JTL
ZLLPUZRP
BRLYVN
ZL
LLDG
TZIMRWDCZZVUARLOPBZBSFQNI
L
ZL
ARLLU
CNHSQIIZIKYLQPUVGJMD
XLU
DRWZLTGSPGTD
ZNL
TUZLP
PIRGJALCWOCVG
BZYNXILLAJTNZ
LQT
RXWZLPS
KLJ
ZLGGJ
ZRLCVT
TBZYULPFV
LL
ZIRZLTZS
LG
ZLP
RL
ZL
BWMLUGE
TANYRRSBTWXZESLKPOIHPLPKLBWDGRSUVPQZPGJJP
L
ZQILVM
IRRL
ZLP
CLBG
RZLS
LL
TLZWULP
RNXLDX
ZLZGJ
L
JBIRWYMXGZGQKELPZHJKVSRIY
RLV
VZZJOLLDZ
ERLWG
TLKZQLCPDPGJY
L
SRQCZLTUUZSC
L
NZLLPIGJ
FAIRHKLLZ
ZL
LGX
TKPZHLRWIWIEZYUALPSSSVBQIMS
BLNADNG
ZL
RL
ZTLZLPZP
L
IRZTFZGTLXZBWSCKVGJ
L
TZYXMLPG
DRJLZG
NZJLBN
LHIWLPLVG
RWZJLPS
BLU
BZIFLJ
IRGPLL
TNBZULKQPPHQTGJ
L
ARZVHLLKGSZ
L
ZLP
RKLWG
UZALVM
KLC
TKIORHYWZZLONPZSQI
LL
LYZCELVDPGGJW
BRHLVL
ZLP
L
RZLS
LYXLUG
TEHNFQZPYULLPUPRZPM
ZNNIRUJULV
ZL
L
NYRWEKZLPRWSXJVYGJ
L
ZL
RARZLKLDB
TBEWZLPGJZQY
LG
IRRDXGZLZLST
LNG
IZZTTLPVM
RL
TANZLPLUGZGJ
L
TRWNZCUALFPSQU
L
ZL
IRSSCARLLWUDCGA
ZLP
BZLLHT
LRZYSXLCOXSO
LLV
TNZLKVPNBGJ
RL
ZL
L
FDMAIRWJHZVBQSLLTPKZDVSNPGZIUP
LG
ZL
RL
THZYZULPCS
L
BQZRNZZILQSWJKVYSKVSNMVGUJM
LL
DAZLPBUCN
IRGOELLQ
QZXLUP
LG
TRWZLPCDSQ
L
JZLLZ
RL
NWZZJELPLBDMGJ
FXZLSVG
IRZMLZSK
BOL
TZUPLP
ARXCLPLGWTGZ
ZL
KJL
RWZULPS
FLC
IZLGJ
IRLZ
THIVVZBLLPDRGVVBZMP
GLU
RZLS
LG
BGZJVLPJY
RL
KZLPGT
LL
TKNYIRWWXGFZYUKAARLOKPPZQWBSHSCHMVQIGXMJD
LBU
ZL
ZRBSLV
ZZYGXMLPS
GLDG
AKRLZLLKSXZ
L
TZLP
BSSIRLLUVR
ZLZGJ
NLJ
HRWQCZLZPTUSB
LL
HZLSVM
DLRHLWGGY
TZULPR
L
IRTZSLZS
L
LNSSZJLPJLCPGZGJYPY
RL
BUZLLJ
JVL
TLRWZLPSNQ
FILVTG
WZLQGQ
FAIRGXIQLLBXB
ZLP
L
RCZZCELBBLWDSUYVNGJ
LUD
TWKQZYIULPDPGS
RL
ZLRLZ
BHLPNG
ZNIRCWIIZJOWLPZSSVIOIM
L
ZL
RL
TNHZHLKPKGJ
NLLD
RZLS
L
ZLP
IRTPLQWCG
KHZLUC
RLV
TBARNWYZUAPSLPLPKJVKVRTNQSQZPYCRP
LQG
SQGLIZYXLURGJ
RZLCOK
ZLP
L
IYRUXGZGELZS
LPLVDPG
TZLP
RL
ZNLVMU
LZB
NYRWKNZJGLGPWSLVGJ
BLQ
RZLLZ
IRCL
TKZYULPA
LG
DNRZZJTLTSPG
LGN
ZLP
ZARHCYKLLUWVM
ZULGJ
L
TITRWNZYLOPZDASJQI
XIL
BZLNJY
RELWG
ZALLPZLP
L
RZLS
JLQ
TCNLMIZIUELKQHPBDHVEBGBJM
IRGFBL
LZLCXJ
BQLLUG
RWZLPSJ
LG
ZL
BRXCLV
THQDCZPLPBUN
L
FFRAITRBXHVHFZULPLKDZWGSCVZGOJ
GLV
ZLP
RL
ZL
LG
TKRWZYYXUBAMPLPGXSSQOS
LL
ZZGL
IRKL
BQNLWDYZLPEDJPNGYGNJ
L
ZRHZZKOLSSVM
L
TDZLLPRQTZP
KORLLWDAG
ZL
ZLU
IRWOXGWZKLNPZGZSTID
JLX
ZALGJ
ARLLI
TCZULP
BQLCZVM
RZLS
LG
ZLP
DIRZVLBFUG
ZJLLZ
UXL
TSNYRWAZYJLKPPGWUZSCVQXGJ
L
ZL
RL
IZVHLPBVM
LPLGT
BIRQCZAMLZZHTUJKVSRL
L
TFYZYULP
RL
NZPELFDGJ
L
ARWZKOSLQLPKTSQZTP
NJL
BZLFPG
ZNIRGUZGIEALKWCVG
TZLP
L
RZLS
BLLDTH
NBNZLPGJ
RL
ZZYTXL
L
TLPIRWKZSUARLOCPZNOSQIJY
ZSLXUG
THZLKLBQVVZNM
RL
ZLP
HLG
PRZLWUSVGRJ
LLG
TBZZJLPLJQYE
FAIRLLJYO
ZL
LCDG
RWZVLPS
FWLUV
ZL
RL
TENNSWZYTULKPILPABGRHZGJPS
L
GIRXGZJLZPZS
L
KHHQZLNPU
BRLXXLAWVXKNG
ZL
LL
TPZDFRWIKZBLTPDSSPVBGQIYFM
HL
ZRLGJ
BIRL
ZLP
L
ARZLVLKYSNZ
CJLCBG
TEZULP
RL
BZWGLJ
MLV
KKNYIRWFSZCPELOPVZLBWDSSCUVIGJ
LL
ZL
RRCLUT
TZLP
LLPQGG
RZLS
L
VVZYNXIMLLPDZP
IRGBLL
CWZILQGJVGJME
BGL
TKRZWTZQYGUALPSKSQ
L
TNZLUC
ANRXJOLPLWMG
ZLP
L
IRZALZNS
L
TNZXPLKPGPJ
ZKRLVD
FQZQLLUNPGZEM
L
BRWYDTZZVLPBBJKVSNY
LLDG
LNZJLC
IRGL
TKZULP
LL
RZTALZWSVGJ
HXL
LIZLPXVCM
RL
ZL
LG
TFAIRWWXHGPZGQKEQZSLOLPKZRSQZIPUP
BXL
ZL
DRNCLG
NZGLPPGJ
LUK
RZLS
KHCLLV
TZYULPRXJS
IRGVLWGCG
ZL
L
RWZGLPS
L
BQTZELPLAJDGTNNPUZGJ
SRLGUT
TZLP
LBL
ZNIRCSIZYXZLZSBXSVOM
LG
HZZLPDCPG
RARSLLCDO
ZZJLQQ
ZTL
TNHYRSWQEICZPUALKZPPTWUPHSHVQGAJD
L
ZL
BIRMGLUNVR
ZIFLLPZP
LIJLVG
RZLS
L
TZLP
RL
ZILGJ
LL
IRWKZKLPCZSIT
PLG
ZL
RNLDLWUDG
TBOLIIZYULPJYQVBMYRM
XLU
ARHZHLLKSLZ
TLU
NZALPDGJ
IRJL
DZLBTN
L
TRWZQILPSQ
BLPLG
ZL
ZFRLVA
LAZLCPUCY
BJL
DMLIRYXGFSZVAVLTZQWSCPGVGYJ
L
TNEWZULLPGRZZZP
RL
ZL
LG
RWRZLPS
L
QZKYWLUVOM
FAIRJLGLE
TNGLZYXEMLKHFPBDGGJ
JLN
BKORHYZLJKVS
L
ZLP
RJLWG
ZVZGLLDHZ
LRG
TKHIRWWQZYUARLOPZJSSQIXS
LGV
ZLVGJ
RZOLBQ
ZLP
LL
RZLS
BELNJG
TZLP
IYRGCAEHLU
ZL
LCU
ZACNLYRNSBWXHIZZISLPQLPKSWGGSWVVVZDIGJJMP
L
ZL
RHXKLX
TKZIUHLPDPG
YLVUDG
IRLZLQZS
LL
BNZLFPJYU
RL
HZLGJ
LZV
TRWUZALPSQ
XLG
ZOLLZ
KIRLXWCXG
HTQNZLPAU
L
RZLS
L
TNMDCCZYUCLKPBBHNGJ
BDAWRQPLLVVTG
ZLLIVM
L
NIRWXGZZJKTULPZLSVI
LG
ZYVXHL
RL
TGZJVLLPRZP
L
LRZSEJLJCLWDOSUVVGJ
L
ZLP
ZNIRZLBKVJ
BZLJCD
FSLPLDUGM
TRWZZTTPUALPSQ
L
KZLPAG
RL
NZZLTPGJ
KLT
FASIRZBHLZLLKZUZSCZ
L
TBIZLQPVBQTM
RLRWG
ZL
BUL
RWZLLPS
XILKLB
ZRLGJ
IRGCGL
TKNZYJULPS
L
RQWCZLTGUSTD
LFMILDVGGW
UZLLPLZP
RL
ZL
L
TJBQNYIRDWYFZQLOKPPZHWJKVSQSKCRNVQIYGCUJD
LZC
ZL
ARBLL
ZLP
LG
ZRKZLSSVXJYM
HJL
TEZULP
SIRL
HZZLPPLZGZGJ
L
DRWZYBXMPLSTPDXSPGO
BMLUB
ZL
RRLWG
TZLP
AHNLLV
ZIRXGZZGELBZBSFN
LUT
NZZGETLXPBDSGJ
RL
ZL
L
TKRAERNWVVZYUBASLLPKDVRSQZPOP
LG
BLZLJN
IRUL
IZLVPVNBM
CLG
RZPALWSVGLJ
LL
TLHQZPLCPUJY
RL
ZL
CLXLGG
IRWBSZLPZFSIV
NLQ
ZLLQZ
BZROWLVVSM
TKNHZZULKNPHAGJ
L
RZLS
L
ZLP
FAIRRXHGSQALPLLWDCPG
FYZLPG
FLB
TRWHZLSPSQ
L
UWZZIJLQVMGJM
RCJLZU
BZLPLPNJTNZYPY
L
IRLZWLZS
LG
TWAZYUJLPUCS
RL
LZYXLX
LL
NYRRDWFZLPLWSQTVGJ
ILV
ZL
DPIRQVLCOG
TZLP
BJLNLG
ARZXCLLKSZP
ZVL
ZLP
RL
SQIZCERLVUDGJ
L
TPZNILRWWIGEXGIZJUKARLOPZSSVBQIIMM
TLLD
ZL
RJLWG
DWZLPBGZN
HLJ
BTRNZYLDJKVS
L
TNLSYKJZQLKPILPEDGRNPGZGJP
IRXLBX
ZL
LVZ
RWRZLPS
LG
ZL
ARGLL
TZYULPUR
LNU
IRFZOLQPZWTSCLQVGJ
BLJ
ZLP
SNRJLU
LHSZLLCZVVZMY
ILDG
TRWZNLPSQU
ELG
ZL
KIORGEL
NZMLPKGJ
LL
RZLS
L
TBZYXUBMLPAJGQYR
ZRZCZILBQWVYG
ZL
L
FAHIRFWQHCZAKSLZZLPKZTUSZIUPM
L
ZLZGJ
RL
TZLP
L
DRZTZGLTSKPG
KLPLG
HIZHLPKVM
BIROLGVRT
ZL
L
TKNYRWZYTUEALKOHPPLBWBDHSSUHMVQGBJS
L
VZLLDHZ
RL
ZLP
JLCG
IRXNGZCLFZS
YXZLURV
TZLP
ARLLD
BQSZYLGUJCNGJ
KLG
RWZGLPS
L
GZJLBN
IRLWYCNG
TNZZJOULLPLRZPE
L
ZRNZJGLGSSVM
NLT
NTZSLPGJ
RL
ZL
BKLLTQ
TIRWHZZKOLOPZCSQI
ULDG
QKZLUT
RL
ZLPRDPXGJ
ULV
ARBXGLZXYNXILPLKWGXSVZGOJB
L
TZYUTLZP
IRGLC
ZL
LG
BLRWYKZSQLCPJKVOSYY
LL
KHWZLG
RL
TCNCIZIWLKQPVEBOGJM
ZLX
IRZPLZS
LBL
ZWGLLPZP
DLRSCLWUGGAYE
ZL
BLU
TRWZVUHALPGBSQ
BVL
ZZTELQDGJ
FZNRAITRHLLDWV
ZLP
XLI
RZLS
LG
TZLP
RL
ZGLLZ
XJL
NYIYRUWXGFZGQKEALKPZQWSSCVIGJ
L
BFWZLJYPVMGYNM
RL
THWQQZPYULPUPS
FLPLG
RZLS
LCL
ZLP
IRL
ZCLGJ
L
TARTWDCZZVSLKLPKBBRSQZNPP
ALV
ZL
BRPLVLAWDVKNG
ZYXMLQPQT
L
IRZLZRS
QLLGGZ
TNTNZULKPAUHJGJ
RL
ZL
LQU
ZSRWIAFZLPSUZSCVIXM
LG
XZLLZ
LIRGL
TBZZQGLPJQSY
L
RZIFBLWSVGJ
HJL
ZLP
AZRLL
ZL
NIPLVG
TKDMIRWKZVYIBUARLOTPZDSPGQIXF
KJL
LDZLCT
RXLXJY
FNSTVVZUELPLPDBDGPZGJP
BTLBN
NRQZCZJTLTUS
L
TZLP
IRHLWCLG
BNZLVM
LL
RWZMLPS
L
KZLGJ
RL
TJZULP
HLG
BFAIRMXHGPZQPLLKZHJKVTNSRZ
LG
ZLP
PZRLUV
ZL
L
TNYRWCEWZLKNPPGWZSJVTQGDJ
BLLUUM
ZYXLVN
IRL
ZLP
HLDG
RZLS
BGL
TELNIHIZYULLPARGVVBZMPS
ROLCOQ
LYCZCLBPUGNGJ
L
KIRWZLPZSADI
L
ZL
ARZXLXPLHWKG
TZLP
L
RZLS
RLV
BQNHDSQIZMLPUJNYGJLD
IRNGELD
ZJLLZ
L
TKRLWZUALPSXCQ
LJXLMG
ZL
DRTPLG
ZLP
VLLD
ZNKIRNMUZFSIZIELQZLSWDSCUVVGJM
L
TZLP
BRLCVT
ZL
LG
KAORHYWCZSLNLPKSZP
L
HZZLUC
IRZCALBUF
TLNZYUJLKJCPBNHJGJY
WLGVE
RZLS
LL
KNZJLPDPG
ROLWG
BZQILJ
L
TIRWWSXGZYXKMPLOPZBGXSQIO
L
EZLPLGXJOZGJ
RL
IZXPLPVPM
L
RZLS
LDGU
TZULRP
FAIRRLLT
BQZLUF
BRL
GNYRWLZJVLZPPWSVGJ
ELG
ZZGLQQ
ZRALZV
TNZLFLPRZUP
LG
CIRZLZS
L
DZZJLPBLN
RL
BZLGJ
SXILLC
TBKOHRWWYZYUALPJKVQSSQYCRS
L
ZGLPVM
SIRGLYALWUCG
ZLP
LLU
RDARVZQLLTKDVSNPGZO
L
TKNZCELKHPVBDGJ
RL
TNWZLG
L
FIRWYZLPZSAI
BLHILPLTVNMUG
ZL
RL
TRZULP
L
RUZBLLWSVGJ
L
ZLLPCDZP
IRL
HZYXHL
KLLGAG
TPZHRWQIECZPKYLZPTSUSVBQIM
GLB
BUZALJ
ARLLK
NZALPNGJ
L
LPIRXGZGSELCZOS
L
TZYUALPL
RHKLPLWDG
ZULLZ
ILV
RWZLPSG
ZLN
GZLGJ
BNIRJULVR
TKAZJLPDUCPG
LL
RZLS
SLPUQG
ZLP
RJXLGX
ZALVDM
L
TFANYIRNSBWXHHFZUZASRLOKPIPLPKZWVGRSHSCHVQZIPGJUJPD
LJ
ZL
RLGT
BZZTTLPJY
LG
RZZLBBSN
LLDX
TZLP
ZNDFIRGGSVLVG
GZVHELDGJ
L
RWZLPZS
FLC
FQZLLUZBM
RLQWG
TDZYULPQTS
BLL
EIRZLZS
L
CNCIGLZIYXZMLQFPVGJM
ARTLL
ZL
NJL
TRWZLLPISQ
LG
ZLUPGR
IRL
LZLLPNZP
KLU
BQRZLUNWJKVSKNVGUJY
LVV
TZUJLP
RNCCLU
KHZZJL
CLKPLBDPG
IRZWTXGZGKLPZBSKSI
L
ZL
RL
TNKZKLKPGJT
L
ZARHZOWLLKSSWVVZODM
BWXLSAG
LWZLCPGZY
IRXCLWCG
ZL
L
TKRBWZYUOALQPTSQQT
LL
ZJLGJ
RL
HQHZZLPUC
HLV
IRKZLZS
LG
TBVVZBLPLPDJRTNQZYP
RL
ZL
L
DNLYRYWZBEVLOTPEDLBWDSUPGVGYJW
L
ZL
FAIYRGEQLL
TLMIDCZULPBQVBNM
LG
SRZYXLUXZSCO
L
ZLP
BRBSLV
NZJLPLGELZGJ
PLU
TIRWKZLOPRZSXJQYI
L
ZL
ZRZIJLCZWOVVG
ZLP
JOQLLG
RZLS
L
TNWQZYTULKPBJHGJS
IRL
BHZLSJ
ZHL
ATRAWNZYSLLPKDASZP
CLVGDG
ZZLTVM
RL
TZLP
BXL
IRSQXGFICZAHALZZTQWUSCVGAJ
LL
ZLP
KORZLB
ZTLZPG
BFLNTG
TRWZUALVPYSNQB
RLV
ZLLZJ
IRL
NLZLQPGJ
TLQ
RZLS
FLU
TZLP
FRARXLPLDWHG
GLZJLC
L
JBZNIRWYIIZJLPZHSJKVYSRVSMIYIM
LRU
LZELXDXGJ
DRVLGG
TENZYYNXUBIMLLPGRZP
L
RZLS
LG
ZLP
IRGIL
ZL
HHLLZV
TNYNRWWZZJTLKPPLWSMVQVGJE
BRL
NZLFBN
RL
ZLP
LG
FAIROHWZLLKZGSTZDZ
L
THQKZPIULPDUPPGE
RL
ZZIGTLXQVJGJM
L
RWIZLPS
LL
BZNLJU
IRSLXXLLBWDXCG
TZLP
LCL
RZLS
L
NSZBAZYLPLPGUGCZGJP
ZRPLVL
ZL
JLJ
TKIRWWXGZYGQUKEARLOPZSSQIXMS
LNLUGG
ZL
BARCKMPLLUVTM
ZLP
L
RZCWGLWSVGJ
LBC
TKHIZZLNPVBM
IRL
VZKLQLDQZ
LG
RWZLPSZ
L
ZYXXLP
RL
TBQNDZQUELKHPBAJDHQNYGBRJ
LL
DMIRZVHLTZSPG
UJWLV
ZLP
RGLWG
KQZLUA
LGT
TLARWKSZSSLLCPKROSQZPJYPY
L
SZLGJ
IRUGL
ZLP
BGL
ZRRDZLLSSVTM
LPLUG
TZYIUFLP
SRZLUK
ZL
JLG
ZNYIRWDFCZZVCLPBZBWSSCFYVNIGJ
XGL
ZVLLZ
RL
TZLP
SMIYRLUDVG
BRHZZKOLJKVS
L
ZLP
FAIRJLZL
UZLGJ
L
TRWHZUHALPSKLQ
L
ZL
RXLWG
FHIJZQLLPDGNVPVGZYMP
L
IRXGZZTPLZS
BQLCN
TNBZLKPFVGJ
RL
ZL
LLDN
HRWQCZYXMPLZPTUXSRO
LG
TNZZJL
ZNIROLVLQ
TWEWZYULPGZS
LLB
ARRBTXZCPELPLKVLWDGSUVPZGJ
KNL
BZVHLPJBY
DKRLXG
ZLUCXJ
LG
TIRWKNZJGLOGPZSQI
LL
ZMLKVM
RL
NLZWLPGJ
L
RZLS
CLU
TNZZQGULLPHRSZP
BIRMGEALKWVKCRNG
ZL
XLD
RWZULPS
LVZ
LLYZQJLJCPGGJ
ARLLN
TZLP
L
IREZLZS
LDIG
ZLP
RL
BTTZLKLBJTNZN
L
TKPZCNYLRNWIIEZZIYUALKQPPSWBHSHMVEBVQIGJM
L
FQYZLU
IRL
ZLP
LZPLG
RZLS
LRG
TZLP
NRJLGT
