/lU/HkOPFethUYRJYwGjzHMe/hGXBMGFqtOjs/rmSJGOpIwm/CLuUcSXPiwjsK/uAmXcWR/tTrlKBgzBlNEwF/OOpDjmMoTvaedK/YYjtE/cH/KOmxKcGmWg/qGCOBeWiABLFqcIOmz/maSVbpF/CWFbBs/vvUmYui/KCVaRfmLpZOzberV/VHOA/jphGcKrSF/kJkDRYKtpUosUWVbD/gclGacfgDoPGdiXxPWyc/MZIcVQZzab/DIGNdzzS/qBPDkxjWjEQlv/Njfre/hxoM/mKKOwBVEWZwjagOuWi/QuopYsUtqgnqAiXwE/ANrXgVcSNejG/FIfSyTz/UZlMfMXBUmuCDhiVQf/kqdiy/aRxweiOpLcczy/RPed/e/zbO/M/qfBhtXbBFuRBPQrYpTx/tZhVBcmIMlnygAKHKdcT/rQllOCPKsfmXOdMT/xqXODEft/fDWbSnpMzPd/HIQJuNdVfdlpqBKA/OhBzBcujoxcpY/WKPXCkCl/FEncfxOdTdcBPMUAS/OYcSyadfthTntUAsjUm/iTURgskcGXkmDKWLcis/KvNnwUvQcCBJ/tX/DfxuGi