/DLCkPZxIAWDX/iIQIncFWSaMLG/RVOlTgYl/NnTHKiAVWVCPCARqna/lxbPdAlgTC/eXBfVOBuPbBRb/gE/FkR/CAiQtMuRub/xOcs/RtEkqhqCLZAkCzdX/SNMEIs/cyneqrDxUosUhcGAB/bPHrLgioq/HhFgLUjEFrg/nKlbXBRicXjxNBLD/LIUAUsBU/kTqEWZYpIdRRxDV/pLjoiqd/Cc/tOLsCMtVJcDDKcuPM/fywuWZOHnln/UjepoOdc/ExXI/SYsxkdfeRHPuRZhsRrQc/uyGh/EjJsGlCLKMpnzS/SYoyFtsznGK/NPn/kHeVSrDVVfhv/CSXZeqLgJOLbyZZNiJGa/L/AOldPsSFIZqKKixZQ/evwGyGJhoKvvyot/pWtiAkFrvnLTbZZT/EkKrRJyXmNoUWCDr/qHgRjqETRtMfrX/WZxvvGRWclANrbuLuu/MCRZBSWX/IYshVeeYGeHEPAsDYDp/HFaPOmbhjNq/OXRFgVU/uxMsClzPA/cPlqKKvZNAQKzwFL/uvKKsZoHjZArQQ/DJruUeMYHMlhKPkFMy/NqdCweXujNHGJTL/tjhFFsOMeXWlNeDJjf/EqjhEiYgVbHo/nMzJgmVGcMlZgTQhwC/MXtPzGrZEB/mtoy