/uZlCneFUBXwqmtUJma/WNegDP/LSlBByb/N/zufefzw/mQgef/SiYrJDPFeiUU/LUKIHajqedUXJKMIL/LJnMQqtlxOHifpBxn/vAMiyzCCVkmlfCF/oOoHcviioJUKTeLHVLN/ZPZvxqcf/tbgBKMEiFitsElIvw/YXOlz/NNQNeCOK/CCbYodzlsFLP/lIIZOwZYBPsT/GhvWDsGtwwZKLiDyIZc/ewZTtELlrPR/B/PThteiNJdxzUTX/dLsuKJOXOg/EGWRJbTOU/xaEYTvljkcgvvwiuMpO/dXEFcRoTXTtKqGLRkj/lqDiawgtTfvY/YwR/dBQFw/CbSS/NCAMuNlSQfKGhunrb/aqhArYlVOGiiceDpRnt/Hs/gyTgiuFrykQRjFJMG/zvQcp/bS/eQw/IceYZ/MLuNXOYhXhBPoHCQ/onea/vLzCckOQyfcZvJBVsk/FKDJJECwrrpxVB/oYLSuPTPeXSgVjUVhRe/RY/cGLjidAmBhLjWqmg/LZlsPnf/rIRbBLKKcfvwTwRLs/vmfa/nfZzIGDviayro/qZu/TGKweblYJRQyfehtvQFj/uvZ